Component: ARM Compiler 5.06 update 4 (build 422) Tool: armlink [4d35d2]

==============================================================================

Section Cross References

    main.o(i.main) refers to public.o(i.STM32_Init) for STM32_Init
    main.o(i.main) refers to slave_computer.o(i.SHOW_Pages) for SHOW_Pages
    main.o(i.main) refers to main_control.o(i.Control_main) for Control_main
    public.o(i.STM32_Init) refers to key.o(i.KEY_Init) for KEY_Init
    public.o(i.STM32_Init) refers to led.o(i.LED_Init) for LED_Init
    public.o(i.STM32_Init) refers to usart.o(i.USART1_Init) for USART1_Init
    public.o(i.STM32_Init) refers to motor.o(i.MOTOR_Init) for MOTOR_Init
    public.o(i.STM32_Init) refers to lcd.o(i.LCD_Init) for LCD_Init
    public.o(i.STM32_Init) refers to touch.o(i.TP_Init) for TP_Init
    public.o(i.STM32_Init) refers to encoder.o(i.ENCODER_Init) for ENCODER_Init
    public.o(i.STM32_Init) refers to mpu6050.o(i.MPU6050_Init) for MPU6050_Init
    public.o(i.STM32_Init) refers to tim.o(i.TIM_4ms_Init) for TIM_4ms_Init
    public.o(i.STM32_Init) refers to pid.o(i.PID_param_Init) for PID_param_Init
    i2c.o(i.I2C_Ack) refers to stm32f4xx_gpio.o(i.GPIO_ResetBits) for GPIO_ResetBits
    i2c.o(i.I2C_Ack) refers to i2c.o(i.I2C_SDA_Init) for I2C_SDA_Init
    i2c.o(i.I2C_Ack) refers to delay.o(i.delay_us) for delay_us
    i2c.o(i.I2C_Ack) refers to stm32f4xx_gpio.o(i.GPIO_SetBits) for GPIO_SetBits
    i2c.o(i.I2C_ReadByte) refers to i2c.o(i.I2C_SDA_Init) for I2C_SDA_Init
    i2c.o(i.I2C_ReadByte) refers to stm32f4xx_gpio.o(i.GPIO_ResetBits) for GPIO_ResetBits
    i2c.o(i.I2C_ReadByte) refers to delay.o(i.delay_us) for delay_us
    i2c.o(i.I2C_ReadByte) refers to stm32f4xx_gpio.o(i.GPIO_SetBits) for GPIO_SetBits
    i2c.o(i.I2C_ReadByte) refers to stm32f4xx_gpio.o(i.GPIO_ReadInputDataBit) for GPIO_ReadInputDataBit
    i2c.o(i.I2C_ReadByte) refers to i2c.o(i.I2C_Ack) for I2C_Ack
    i2c.o(i.I2C_ReadByte) refers to i2c.o(i.I2C_nAck) for I2C_nAck
    i2c.o(i.I2C_RecieveByte) refers to i2c.o(i.I2C_Start) for I2C_Start
    i2c.o(i.I2C_RecieveByte) refers to i2c.o(i.I2C_WriteByte) for I2C_WriteByte
    i2c.o(i.I2C_RecieveByte) refers to i2c.o(i.I2C_rAck) for I2C_rAck
    i2c.o(i.I2C_RecieveByte) refers to i2c.o(i.I2C_ReadByte) for I2C_ReadByte
    i2c.o(i.I2C_RecieveByte) refers to i2c.o(i.I2C_Stop) for I2C_Stop
    i2c.o(i.I2C_RecieveBytes) refers to i2c.o(i.I2C_Start) for I2C_Start
    i2c.o(i.I2C_RecieveBytes) refers to i2c.o(i.I2C_WriteByte) for I2C_WriteByte
    i2c.o(i.I2C_RecieveBytes) refers to i2c.o(i.I2C_rAck) for I2C_rAck
    i2c.o(i.I2C_RecieveBytes) refers to i2c.o(i.I2C_Stop) for I2C_Stop
    i2c.o(i.I2C_RecieveBytes) refers to i2c.o(i.I2C_ReadByte) for I2C_ReadByte
    i2c.o(i.I2C_SCL_Init) refers to stm32f4xx_rcc.o(i.RCC_AHB1PeriphClockCmd) for RCC_AHB1PeriphClockCmd
    i2c.o(i.I2C_SCL_Init) refers to stm32f4xx_gpio.o(i.GPIO_Init) for GPIO_Init
    i2c.o(i.I2C_SCL_Init) refers to stm32f4xx_gpio.o(i.GPIO_SetBits) for GPIO_SetBits
    i2c.o(i.I2C_SDA_Init) refers to stm32f4xx_rcc.o(i.RCC_AHB1PeriphClockCmd) for RCC_AHB1PeriphClockCmd
    i2c.o(i.I2C_SDA_Init) refers to stm32f4xx_gpio.o(i.GPIO_Init) for GPIO_Init
    i2c.o(i.I2C_S_Init) refers to i2c.o(i.I2C_SDA_Init) for I2C_SDA_Init
    i2c.o(i.I2C_S_Init) refers to stm32f4xx_gpio.o(i.GPIO_SetBits) for GPIO_SetBits
    i2c.o(i.I2C_S_Init) refers to i2c.o(i.I2C_SCL_Init) for I2C_SCL_Init
    i2c.o(i.I2C_SendByte) refers to i2c.o(i.I2C_Start) for I2C_Start
    i2c.o(i.I2C_SendByte) refers to i2c.o(i.I2C_WriteByte) for I2C_WriteByte
    i2c.o(i.I2C_SendByte) refers to i2c.o(i.I2C_rAck) for I2C_rAck
    i2c.o(i.I2C_SendByte) refers to i2c.o(i.I2C_Stop) for I2C_Stop
    i2c.o(i.I2C_SendBytes) refers to i2c.o(i.I2C_Start) for I2C_Start
    i2c.o(i.I2C_SendBytes) refers to i2c.o(i.I2C_WriteByte) for I2C_WriteByte
    i2c.o(i.I2C_SendBytes) refers to i2c.o(i.I2C_rAck) for I2C_rAck
    i2c.o(i.I2C_SendBytes) refers to i2c.o(i.I2C_Stop) for I2C_Stop
    i2c.o(i.I2C_Start) refers to i2c.o(i.I2C_SDA_Init) for I2C_SDA_Init
    i2c.o(i.I2C_Start) refers to stm32f4xx_gpio.o(i.GPIO_SetBits) for GPIO_SetBits
    i2c.o(i.I2C_Start) refers to delay.o(i.delay_us) for delay_us
    i2c.o(i.I2C_Start) refers to stm32f4xx_gpio.o(i.GPIO_ResetBits) for GPIO_ResetBits
    i2c.o(i.I2C_Stop) refers to i2c.o(i.I2C_SDA_Init) for I2C_SDA_Init
    i2c.o(i.I2C_Stop) refers to stm32f4xx_gpio.o(i.GPIO_ResetBits) for GPIO_ResetBits
    i2c.o(i.I2C_Stop) refers to delay.o(i.delay_us) for delay_us
    i2c.o(i.I2C_Stop) refers to stm32f4xx_gpio.o(i.GPIO_SetBits) for GPIO_SetBits
    i2c.o(i.I2C_WriteByte) refers to i2c.o(i.I2C_SDA_Init) for I2C_SDA_Init
    i2c.o(i.I2C_WriteByte) refers to stm32f4xx_gpio.o(i.GPIO_ResetBits) for GPIO_ResetBits
    i2c.o(i.I2C_WriteByte) refers to stm32f4xx_gpio.o(i.GPIO_SetBits) for GPIO_SetBits
    i2c.o(i.I2C_WriteByte) refers to delay.o(i.delay_us) for delay_us
[...]
    i.TP_Read_XY                             0x08009400   Section        0  touch.o(i.TP_Read_XY)
    i.TP_Read_XY2                            0x08009430   Section        0  touch.o(i.TP_Read_XY2)
    i.TP_Scan                                0x080094f0   Section        0  touch.o(i.TP_Scan)
    i.TP_Write_Byte                          0x080095e4   Section        0  touch.o(i.TP_Write_Byte)
    i.USART1_IRQHandler                      0x08009638   Section        0  usart.o(i.USART1_IRQHandler)
    i.USART1_Init                            0x0800965c   Section        0  usart.o(i.USART1_Init)
    i.USART_Cmd                              0x0800971c   Section        0  stm32f4xx_usart.o(i.USART_Cmd)
    i.USART_GetFlagStatus                    0x08009734   Section        0  stm32f4xx_usart.o(i.USART_GetFlagStatus)
    i.USART_ITConfig                         0x0800974e   Section        0  stm32f4xx_usart.o(i.USART_ITConfig)
    i.USART_Init                             0x08009798   Section        0  stm32f4xx_usart.o(i.USART_Init)
    i.USART_ReceiveData                      0x0800986c   Section        0  stm32f4xx_usart.o(i.USART_ReceiveData)
    i.UsageFault_Handler                     0x08009876   Section        0  stm32f4xx_it.o(i.UsageFault_Handler)
    i.__ARM_fpclassify                       0x0800987a   Section        0  fpclassify.o(i.__ARM_fpclassify)
    i.__hardfp_acos                          0x080098b0   Section        0  acos.o(i.__hardfp_acos)
    i.__hardfp_asin                          0x08009c08   Section        0  asin.o(i.__hardfp_asin)
    i.__hardfp_atan                          0x08009f68   Section        0  atan.o(i.__hardfp_atan)
    i.__hardfp_atan2                         0x0800a240   Section        0  atan2.o(i.__hardfp_atan2)
    i.__hardfp_cos                           0x0800a430   Section        0  cos.o(i.__hardfp_cos)
    i.__hardfp_fabs                          0x0800a4f8   Section        0  fabs.o(i.__hardfp_fabs)
    i.__hardfp_pow                           0x0800a510   Section        0  pow.o(i.__hardfp_pow)
    i.__hardfp_sin                           0x0800b160   Section        0  sin.o(i.__hardfp_sin)
    i.__hardfp_sqrt                          0x0800b228   Section        0  sqrt.o(i.__hardfp_sqrt)
    i.__hardfp_tan                           0x0800b2a8   Section        0  tan.o(i.__hardfp_tan)
    i.__ieee754_rem_pio2                     0x0800b328   Section        0  rred.o(i.__ieee754_rem_pio2)
    i.__kernel_cos                           0x0800b760   Section        0  cos_i.o(i.__kernel_cos)
    i.__kernel_poly                          0x0800b8d0   Section        0  poly.o(i.__kernel_poly)
    i.__kernel_sin                           0x0800b9c8   Section        0  sin_i.o(i.__kernel_sin)
    i.__kernel_tan                           0x0800baf8   Section        0  tan_i.o(i.__kernel_tan)
    i.__mathlib_dbl_divzero                  0x0800be48   Section        0  dunder.o(i.__mathlib_dbl_divzero)
    i.__mathlib_dbl_infnan                   0x0800be78   Section        0  dunder.o(i.__mathlib_dbl_infnan)
    i.__mathlib_dbl_infnan2                  0x0800be8c   Section        0  dunder.o(i.__mathlib_dbl_infnan2)
    i.__mathlib_dbl_invalid                  0x0800bea0   Section        0  dunder.o(i.__mathlib_dbl_invalid)
    i.__mathlib_dbl_overflow                 0x0800bec0   Section        0  dunder.o(i.__mathlib_dbl_overflow)
    i.__mathlib_dbl_underflow                0x0800bee0   Section        0  dunder.o(i.__mathlib_dbl_underflow)
    i.atan                                   0x0800bf00   Section        0  atan.o(i.atan)
    i.data_op                                0x0800bf10   Section        0  slave_computer.o(i.data_op)
    i.delay_ms                               0x0800c000   Section        0  delay.o(i.delay_ms)
    i.delay_us                               0x0800c048   Section        0  delay.o(i.delay_us)
    i.fabs                                   0x0800c092   Section        0  fabs.o(i.fabs)
    i.main                                   0x0800c0aa   Section        0  main.o(i.main)
    i.sqrt                                   0x0800c0ba   Section        0  sqrt.o(i.sqrt)
    x$fpl$basic                              0x0800c128   Section       24  basic.o(x$fpl$basic)
    $v0                                      0x0800c128   Number         0  basic.o(x$fpl$basic)
    x$fpl$dadd                               0x0800c140   Section      336  daddsub_clz.o(x$fpl$dadd)
    $v0                                      0x0800c140   Number         0  daddsub_clz.o(x$fpl$dadd)
    _dadd1                                   0x0800c151   Thumb Code     0  daddsub_clz.o(x$fpl$dadd)
    x$fpl$dcheck1                            0x0800c290   Section       16  dcheck1.o(x$fpl$dcheck1)
    $v0                                      0x0800c290   Number         0  dcheck1.o(x$fpl$dcheck1)
    x$fpl$dcmpinf                            0x0800c2a0   Section       24  dcmpi.o(x$fpl$dcmpinf)
    $v0                                      0x0800c2a0   Number         0  dcmpi.o(x$fpl$dcmpinf)
    x$fpl$ddiv                               0x0800c2b8   Section      688  ddiv.o(x$fpl$ddiv)
    $v0                                      0x0800c2b8   Number         0  ddiv.o(x$fpl$ddiv)
    ddiv_entry                               0x0800c2bf   Thumb Code     0  ddiv.o(x$fpl$ddiv)
    x$fpl$dfix                               0x0800c568   Section       94  dfix.o(x$fpl$dfix)
    $v0                                      0x0800c568   Number         0  dfix.o(x$fpl$dfix)
    x$fpl$dfixu                              0x0800c5c8   Section       90  dfixu.o(x$fpl$dfixu)
    $v0                                      0x0800c5c8   Number         0  dfixu.o(x$fpl$dfixu)
    x$fpl$dflt                               0x0800c622   Section       46  dflt_clz.o(x$fpl$dflt)
    $v0                                      0x0800c622   Number         0  dflt_clz.o(x$fpl$dflt)
    x$fpl$dfltu                              0x0800c650   Section       38  dflt_clz.o(x$fpl$dfltu)
    $v0                                      0x0800c650   Number         0  dflt_clz.o(x$fpl$dfltu)
    x$fpl$dleqf                              0x0800c678   Section      120  dleqf.o(x$fpl$dleqf)
    $v0                                      0x0800c678   Number         0  dleqf.o(x$fpl$dleqf)
    x$fpl$dmul                               0x0800c6f0   Section      340  dmul.o(x$fpl$dmul)
    $v0                                      0x0800c6f0   Number         0  dmul.o(x$fpl$dmul)
    x$fpl$dnaninf                            0x0800c844   Section      156  dnaninf.o(x$fpl$dnaninf)
    $v0                                      0x0800c844   Number         0  dnaninf.o(x$fpl$dnaninf)
    x$fpl$dretinf                            0x0800c8e0   Section       12  dretinf.o(x$fpl$dretinf)
    $v0                                      0x0800c8e0   Number         0  dretinf.o(x$fpl$dretinf)
    x$fpl$drleqf                             0x0800c8ec   Section      108  drleqf.o(x$fpl$drleqf)
    $v0                                      0x0800c8ec   Number         0  drleqf.o(x$fpl$drleqf)
    x$fpl$drsb                               0x0800c958   Section       22  daddsub_clz.o(x$fpl$drsb)
    $v0                                      0x0800c958   Number         0  daddsub_clz.o(x$fpl$drsb)
    x$fpl$dsqrt                              0x0800c970   Section      408  dsqrt_umaal.o(x$fpl$dsqrt)
    $v0                                      0x0800c970   Number         0  dsqrt_umaal.o(x$fpl$dsqrt)
    x$fpl$dsub                               0x0800cb08   Section      468  daddsub_clz.o(x$fpl$dsub)
    $v0                                      0x0800cb08   Number         0  daddsub_clz.o(x$fpl$dsub)
    _dsub1                                   0x0800cb19   Thumb Code     0  daddsub_clz.o(x$fpl$dsub)
    x$fpl$fpinit                             0x0800ccdc   Section       10  fpinit.o(x$fpl$fpinit)
    $v0                                      0x0800ccdc   Number         0  fpinit.o(x$fpl$fpinit)
    x$fpl$retnan                             0x0800cce6   Section      100  retnan.o(x$fpl$retnan)
    $v0                                      0x0800cce6   Number         0  retnan.o(x$fpl$retnan)
    x$fpl$scalbn                             0x0800cd4a   Section       92  scalbn.o(x$fpl$scalbn)
    $v0                                      0x0800cd4a   Number         0  scalbn.o(x$fpl$scalbn)
    x$fpl$trapveneer                         0x0800cda6   Section       48  trapv.o(x$fpl$trapveneer)
    $v0                                      0x0800cda6   Number         0  trapv.o(x$fpl$trapveneer)
    .constdata                               0x0800cdd6   Section     6080  lcd.o(.constdata)
    x$fpl$usenofp                            0x0800cdd6   Section        0  usenofp.o(x$fpl$usenofp)
    .constdata                               0x0800e598   Section       80  acos.o(.constdata)
    pS                                       0x0800e598   Data          48  acos.o(.constdata)
    qS                                       0x0800e5c8   Data          32  acos.o(.constdata)
    .constdata                               0x0800e5e8   Section       80  asin.o(.constdata)
    pS                                       0x0800e5e8   Data          48  asin.o(.constdata)
    qS                                       0x0800e618   Data          32  asin.o(.constdata)
    .constdata                               0x0800e638   Section      152  atan.o(.constdata)
    atanhi                                   0x0800e638   Data          32  atan.o(.constdata)
    atanlo                                   0x0800e658   Data          32  atan.o(.constdata)
    aTodd                                    0x0800e678   Data          40  atan.o(.constdata)
    aTeven                                   0x0800e6a0   Data          48  atan.o(.constdata)
    .constdata                               0x0800e6d0   Section      136  pow.o(.constdata)
    bp                                       0x0800e6d0   Data          16  pow.o(.constdata)
    dp_h                                     0x0800e6e0   Data          16  pow.o(.constdata)
    dp_l                                     0x0800e6f0   Data          16  pow.o(.constdata)
    L                                        0x0800e700   Data          48  pow.o(.constdata)
    P                                        0x0800e730   Data          40  pow.o(.constdata)
    .constdata                               0x0800e758   Section       48  cos_i.o(.constdata)
    C                                        0x0800e758   Data          48  cos_i.o(.constdata)
    .constdata                               0x0800e788   Section        8  qnan.o(.constdata)
    .constdata                               0x0800e790   Section      200  rred.o(.constdata)
    pio2s                                    0x0800e790   Data          48  rred.o(.constdata)
    twooverpi                                0x0800e7c0   Data         152  rred.o(.constdata)
    .constdata                               0x0800e858   Section       40  sin_i.o(.constdata)
    S                                        0x0800e858   Data          40  sin_i.o(.constdata)
    .constdata                               0x0800e880   Section       96  tan_i.o(.constdata)
    Todd                                     0x0800e880   Data          48  tan_i.o(.constdata)
    Teven                                    0x0800e8b0   Data          48  tan_i.o(.constdata)
    .data                                    0x20000000   Section        4  tim.o(.data)
    .data                                    0x20000004   Section        1  usart.o(.data)
    .data                                    0x20000008   Section       12  encoder.o(.data)
    .data                                    0x20000014   Section        4  lcd.o(.data)
    .data                                    0x20000018   Section       12  mpu6050.o(.data)
    .data                                    0x20000024   Section       50  touch.o(.data)
    .data                                    0x20000058   Section       32  handle.o(.data)
    .data                                    0x20000078   Section        8  main_control.o(.data)
    .data                                    0x20000080   Section       49  slave_computer.o(.data)
    n_data                                   0x200000ac   Data           1  slave_computer.o(.data)
    n_sum                                    0x200000ad   Data           1  slave_computer.o(.data)
    n_data                                   0x200000ae   Data           1  slave_computer.o(.data)
    n_sum                                    0x200000af   Data           1  slave_computer.o(.data)
    key                                      0x200000b0   Data           1  slave_computer.o(.data)
    .data                                    0x200000b1   Section       16  stm32f4xx_rcc.o(.data)
    APBAHBPrescTable                         0x200000b1   Data          16  stm32f4xx_rcc.o(.data)
    .bss                                     0x200000c8   Section       24  encoder.o(.bss)
    .bss                                     0x200000e0   Section       14  lcd.o(.bss)
    .bss                                     0x200000f0   Section      400  pid.o(.bss)
    .bss                                     0x20000280   Section       16  main_control.o(.bss)
    .bss                                     0x20000290   Section     3432  slave_computer.o(.bss)
    .bss                                     0x20000ff8   Section       96  libspace.o(.bss)
    HEAP                                     0x20001058   Section      512  startup_stm32f40_41xxx.o(HEAP)
    Heap_Mem                                 0x20001058   Data         512  startup_stm32f40_41xxx.o(HEAP)
    STACK                                    0x20001258   Section     1024  startup_stm32f40_41xxx.o(STACK)
    Stack_Mem                                0x20001258   Data        1024  startup_stm32f40_41xxx.o(STACK)
    __initial_sp                             0x20001658   Data           0  startup_stm32f40_41xxx.o(STACK)

    Global Symbols

    Symbol Name                              Value     Ov Type        Size  Object(Section)

    BuildAttributes$$THM_ISAv4$E$P$D$K$B$S$7EM$VFPi3$EXTD16$VFPS$VFMA$PE$A:L22UL41UL21$X:L11$S22US41US21$IEEE1$IW$USESV6$~STKCKD$USESV7$~SHL$OTIME$ROPI$IEEEX$EBA8$UX$STANDARDLIB$REQ8$PRES8$EABIv2 0x00000000   Number         0  anon$$obj.o ABSOLUTE
    __ARM_use_no_argv                        0x00000000   Number         0  main.o ABSOLUTE
    __ARM_exceptions_init                     - Undefined Weak Reference
    __alloca_initialize                       - Undefined Weak Reference
    __arm_preinit_                            - Undefined Weak Reference
    __cpp_initialize__aeabi_                  - Undefined Weak Reference
    __cxa_finalize                            - Undefined Weak Reference
    __rt_locale                               - Undefined Weak Reference
    __sigvec_lookup                           - Undefined Weak Reference
    _atexit_init                              - Undefined Weak Reference
    _call_atexit_fns                          - Undefined Weak Reference
    _clock_init                               - Undefined Weak Reference
    _fp_trap_init                             - Undefined Weak Reference
    _fp_trap_shutdown                         - Undefined Weak Reference
    _get_lc_collate                           - Undefined Weak Reference
    _get_lc_ctype                             - Undefined Weak Reference
    _get_lc_monetary                          - Undefined Weak Reference
    _get_lc_numeric                           - Undefined Weak Reference
    _get_lc_time                              - Undefined Weak Reference
    _getenv_init                              - Undefined Weak Reference
    _handle_redirection                       - Undefined Weak Reference
    _init_alloc                               - Undefined Weak Reference
    _init_user_alloc                          - Undefined Weak Reference
    _initio                                   - Undefined Weak Reference
    _rand_init                                - Undefined Weak Reference
    _signal_finish                            - Undefined Weak Reference
    _signal_init                              - Undefined Weak Reference
    _terminate_alloc                          - Undefined Weak Reference
    _terminate_user_alloc                     - Undefined Weak Reference
    _terminateio                              - Undefined Weak Reference
    __Vectors_Size                           0x00000188   Number         0  startup_stm32f40_41xxx.o ABSOLUTE
    __Vectors                                0x08000000   Data           4  startup_stm32f40_41xxx.o(RESET)
    __Vectors_End                            0x08000188   Data           0  startup_stm32f40_41xxx.o(RESET)
    __main                                   0x08000189   Thumb Code     8  __main.o(!!!main)
    __scatterload                            0x08000191   Thumb Code     0  __scatter.o(!!!scatter)
    __scatterload_rt2                        0x08000191   Thumb Code    44  __scatter.o(!!!scatter)
    __scatterload_rt2_thumb_only             0x08000191   Thumb Code     0  __scatter.o(!!!scatter)
    __scatterload_null                       0x0800019f   Thumb Code     0  __scatter.o(!!!scatter)
    __scatterload_copy                       0x080001c5   Thumb Code    26  __scatter_copy.o(!!handler_copy)
    __scatterload_zeroinit                   0x080001e1   Thumb Code    28  __scatter_zi.o(!!handler_zi)
    __rt_lib_init                            0x080001fd   Thumb Code     0  libinit.o(.ARM.Collect$$libinit$$00000000)
    __rt_lib_init_fp_1                       0x080001ff   Thumb Code     0  libinit2.o(.ARM.Collect$$libinit$$00000001)
    __rt_lib_init_alloca_1                   0x08000203   Thumb Code     0  libinit2.o(.ARM.Collect$$libinit$$0000002E)
    __rt_lib_init_argv_1                     0x08000203   Thumb Code     0  libinit2.o(.ARM.Collect$$libinit$$0000002C)
    __rt_lib_init_atexit_1                   0x08000203   Thumb Code     0  libinit2.o(.ARM.Collect$$libinit$$0000001B)
    __rt_lib_init_clock_1                    0x08000203   Thumb Code     0  libinit2.o(.ARM.Collect$$libinit$$00000021)
    __rt_lib_init_cpp_1                      0x08000203   Thumb Code     0  libinit2.o(.ARM.Collect$$libinit$$00000032)
    __rt_lib_init_exceptions_1               0x08000203   Thumb Code     0  libinit2.o(.ARM.Collect$$libinit$$00000030)
    __rt_lib_init_fp_trap_1                  0x08000203   Thumb Code     0  libinit2.o(.ARM.Collect$$libinit$$0000001F)
    __rt_lib_init_getenv_1                   0x08000203   Thumb Code     0  libinit2.o(.ARM.Collect$$libinit$$00000023)
    __rt_lib_init_heap_1                     0x08000203   Thumb Code     0  libinit2.o(.ARM.Collect$$libinit$$0000000A)
    __rt_lib_init_lc_collate_1               0x08000203   Thumb Code     0  libinit2.o(.ARM.Collect$$libinit$$00000011)
    __rt_lib_init_lc_ctype_1                 0x08000203   Thumb Code     0  libinit2.o(.ARM.Collect$$libinit$$00000013)
    __rt_lib_init_lc_monetary_1              0x08000203   Thumb Code     0  libinit2.o(.ARM.Collect$$libinit$$00000015)
    __rt_lib_init_lc_numeric_1               0x08000203   Thumb Code     0  libinit2.o(.ARM.Collect$$libinit$$00000017)
    __rt_lib_init_lc_time_1                  0x08000203   Thumb Code     0  libinit2.o(.ARM.Collect$$libinit$$00000019)
    __rt_lib_init_preinit_1                  0x08000203   Thumb Code     0  libinit2.o(.ARM.Collect$$libinit$$00000004)
    __rt_lib_init_rand_1                     0x08000203   Thumb Code     0  libinit2.o(.ARM.Collect$$libinit$$0000000E)
    __rt_lib_init_return                     0x08000203   Thumb Code     0  libinit2.o(.ARM.Collect$$libinit$$00000033)
    __rt_lib_init_signal_1                   0x08000203   Thumb Code     0  libinit2.o(.ARM.Collect$$libinit$$0000001D)
    __rt_lib_init_stdio_1                    0x08000203   Thumb Code     0  libinit2.o(.ARM.Collect$$libinit$$00000025)
    __rt_lib_init_user_alloc_1               0x08000203   Thumb Code     0  libinit2.o(.ARM.Collect$$libinit$$0000000C)
    __rt_lib_shutdown                        0x08000205   Thumb Code     0  libshutdown.o(.ARM.Collect$$libshutdown$$00000000)
    __rt_lib_shutdown_cpp_1                  0x08000207   Thumb Code     0  libshutdown2.o(.ARM.Collect$$libshutdown$$00000002)
    __rt_lib_shutdown_fp_trap_1              0x08000207   Thumb Code     0  libshutdown2.o(.ARM.Collect$$libshutdown$$00000007)
    __rt_lib_shutdown_heap_1                 0x08000207   Thumb Code     0  libshutdown2.o(.ARM.Collect$$libshutdown$$0000000F)
    __rt_lib_shutdown_return                 0x08000207   Thumb Code     0  libshutdown2.o(.ARM.Collect$$libshutdown$$00000010)
    __rt_lib_shutdown_signal_1               0x08000207   Thumb Code     0  libshutdown2.o(.ARM.Collect$$libshutdown$$0000000A)
    __rt_lib_shutdown_stdio_1                0x08000207   Thumb Code     0  libshutdown2.o(.ARM.Collect$$libshutdown$$00000004)
    __rt_lib_shutdown_user_alloc_1           0x08000207   Thumb Code     0  libshutdown2.o(.ARM.Collect$$libshutdown$$0000000C)
    __rt_entry                               0x08000209   Thumb Code     0  __rtentry.o(.ARM.Collect$$rtentry$$00000000)
    __rt_entry_presh_1                       0x08000209   Thumb Code     0  __rtentry2.o(.ARM.Collect$$rtentry$$00000002)
    __rt_entry_sh                            0x08000209   Thumb Code     0  __rtentry4.o(.ARM.Collect$$rtentry$$00000004)
    __rt_entry_li                            0x0800020f   Thumb Code     0  __rtentry2.o(.ARM.Collect$$rtentry$$0000000A)
    __rt_entry_postsh_1                      0x0800020f   Thumb Code     0  __rtentry2.o(.ARM.Collect$$rtentry$$00000009)
    __rt_entry_main                          0x08000213   Thumb Code     0  __rtentry2.o(.ARM.Collect$$rtentry$$0000000D)
    __rt_entry_postli_1                      0x08000213   Thumb Code     0  __rtentry2.o(.ARM.Collect$$rtentry$$0000000C)
    __rt_exit                                0x0800021b   Thumb Code     0  rtexit.o(.ARM.Collect$$rtexit$$00000000)
    __rt_exit_ls                             0x0800021d   Thumb Code     0  rtexit2.o(.ARM.Collect$$rtexit$$00000003)
    __rt_exit_prels_1                        0x0800021d   Thumb Code     0  rtexit2.o(.ARM.Collect$$rtexit$$00000002)
    __rt_exit_exit                           0x08000221   Thumb Code     0  rtexit2.o(.ARM.Collect$$rtexit$$00000004)
    Reset_Handler                            0x08000229   Thumb Code     8  startup_stm32f40_41xxx.o(.text)
    ADC_IRQHandler                           0x08000243   Thumb Code     0  startup_stm32f40_41xxx.o(.text)
    CAN1_RX0_IRQHandler                      0x08000243   Thumb Code     0  startup_stm32f40_41xxx.o(.text)
    CAN1_RX1_IRQHandler                      0x08000243   Thumb Code     0  startup_stm32f40_41xxx.o(.text)
    CAN1_SCE_IRQHandler                      0x08000243   Thumb Code     0  startup_stm32f40_41xxx.o(.text)
    CAN1_TX_IRQHandler                       0x08000243   Thumb Code     0  startup_stm32f40_41xxx.o(.text)
    CAN2_RX0_IRQHandler                      0x08000243   Thumb Code     0  startup_stm32f40_41xxx.o(.text)
    CAN2_RX1_IRQHandler                      0x08000243   Thumb Code     0  startup_stm32f40_41xxx.o(.text)
    CAN2_SCE_IRQHandler                      0x08000243   Thumb Code     0  startup_stm32f40_41xxx.o(.text)
    CAN2_TX_IRQHandler                       0x08000243   Thumb Code     0  startup_stm32f40_41xxx.o(.text)
    CRYP_IRQHandler                          0x08000243   Thumb Code     0  startup_stm32f40_41xxx.o(.text)
    DCMI_IRQHandler                          0x08000243   Thumb Code     0  startup_stm32f40_41xxx.o(.text)
    DMA1_Stream0_IRQHandler                  0x08000243   Thumb Code     0  startup_stm32f40_41xxx.o(.text)
    DMA1_Stream1_IRQHandler                  0x08000243   Thumb Code     0  startup_stm32f40_41xxx.o(.text)
    DMA1_Stream2_IRQHandler                  0x08000243   Thumb Code     0  startup_stm32f40_41xxx.o(.text)
    DMA1_Stream3_IRQHandler                  0x08000243   Thumb Code     0  startup_stm32f40_41xxx.o(.text)
    DMA1_Stream4_IRQHandler                  0x08000243   Thumb Code     0  startup_stm32f40_41xxx.o(.text)
    DMA1_Stream5_IRQHandler                  0x08000243   Thumb Code     0  startup_stm32f40_41xxx.o(.text)
    DMA1_Stream6_IRQHandler                  0x08000243   Thumb Code     0  startup_stm32f40_41xxx.o(.text)
    DMA1_Stream7_IRQHandler                  0x08000243   Thumb Code     0  startup_stm32f40_41xxx.o(.text)
    DMA2_Stream0_IRQHandler                  0x08000243   Thumb Code     0  startup_stm32f40_41xxx.o(.text)
    DMA2_Stream1_IRQHandler                  0x08000243   Thumb Code     0  startup_stm32f40_41xxx.o(.text)
    DMA2_Stream2_IRQHandler                  0x08000243   Thumb Code     0  startup_stm32f40_41xxx.o(.text)
    DMA2_Stream3_IRQHandler                  0x08000243   Thumb Code     0  startup_stm32f40_41xxx.o(.text)
    DMA2_Stream4_IRQHandler                  0x08000243   Thumb Code     0  startup_stm32f40_41xxx.o(.text)
    DMA2_Stream5_IRQHandler                  0x08000243   Thumb Code     0  startup_stm32f40_41xxx.o(.text)
    DMA2_Stream6_IRQHandler                  0x08000243   Thumb Code     0  startup_stm32f40_41xxx.o(.text)
    DMA2_Stream7_IRQHandler                  0x08000243   Thumb Code     0  startup_stm32f40_41xxx.o(.text)
    ETH_IRQHandler                           0x08000243   Thumb Code     0  startup_stm32f40_41xxx.o(.text)
    ETH_WKUP_IRQHandler                      0x08000243   Thumb Code     0  startup_stm32f40_41xxx.o(.text)
    EXTI0_IRQHandler                         0x08000243   Thumb Code     0  startup_stm32f40_41xxx.o(.text)
    EXTI15_10_IRQHandler                     0x08000243   Thumb Code     0  startup_stm32f40_41xxx.o(.text)
    EXTI1_IRQHandler                         0x08000243   Thumb Code     0  startup_stm32f40_41xxx.o(.text)
    EXTI2_IRQHandler                         0x08000243   Thumb Code     0  startup_stm32f40_41xxx.o(.text)
    EXTI3_IRQHandler                         0x08000243   Thumb Code     0  startup_stm32f40_41xxx.o(.text)
    EXTI4_IRQHandler                         0x08000243   Thumb Code     0  startup_stm32f40_41xxx.o(.text)
    EXTI9_5_IRQHandler                       0x08000243   Thumb Code     0  startup_stm32f40_41xxx.o(.text)
    FLASH_IRQHandler                         0x08000243   Thumb Code     0  startup_stm32f40_41xxx.o(.text)
    FPU_IRQHandler                           0x08000243   Thumb Code     0  startup_stm32f40_41xxx.o(.text)
    FSMC_IRQHandler                          0x08000243   Thumb Code     0  startup_stm32f40_41xxx.o(.text)
    HASH_RNG_IRQHandler                      0x08000243   Thumb Code     0  startup_stm32f40_41xxx.o(.text)
    I2C1_ER_IRQHandler                       0x08000243   Thumb Code     0  startup_stm32f40_41xxx.o(.text)
    I2C1_EV_IRQHandler                       0x08000243   Thumb Code     0  startup_stm32f40_41xxx.o(.text)
    I2C2_ER_IRQHandler                       0x08000243   Thumb Code     0  startup_stm32f40_41xxx.o(.text)
    I2C2_EV_IRQHandler                       0x08000243   Thumb Code     0  startup_stm32f40_41xxx.o(.text)
    I2C3_ER_IRQHandler                       0x08000243   Thumb Code     0  startup_stm32f40_41xxx.o(.text)
    I2C3_EV_IRQHandler                       0x08000243   Thumb Code     0  startup_stm32f40_41xxx.o(.text)
    OTG_FS_IRQHandler                        0x08000243   Thumb Code     0  startup_stm32f40_41xxx.o(.text)
    OTG_FS_WKUP_IRQHandler                   0x08000243   Thumb Code     0  startup_stm32f40_41xxx.o(.text)
    OTG_HS_EP1_IN_IRQHandler                 0x08000243   Thumb Code     0  startup_stm32f40_41xxx.o(.text)
    OTG_HS_EP1_OUT_IRQHandler                0x08000243   Thumb Code     0  startup_stm32f40_41xxx.o(.text)
    OTG_HS_IRQHandler                        0x08000243   Thumb Code     0  startup_stm32f40_41xxx.o(.text)
    OTG_HS_WKUP_IRQHandler                   0x08000243   Thumb Code     0  startup_stm32f40_41xxx.o(.text)
    PVD_IRQHandler                           0x08000243   Thumb Code     0  startup_stm32f40_41xxx.o(.text)
    RCC_IRQHandler                           0x08000243   Thumb Code     0  startup_stm32f40_41xxx.o(.text)
    RTC_Alarm_IRQHandler                     0x08000243   Thumb Code     0  startup_stm32f40_41xxx.o(.text)
    RTC_WKUP_IRQHandler                      0x08000243   Thumb Code     0  startup_stm32f40_41xxx.o(.text)
    SDIO_IRQHandler                          0x08000243   Thumb Code     0  startup_stm32f40_41xxx.o(.text)
    SPI1_IRQHandler                          0x08000243   Thumb Code     0  startup_stm32f40_41xxx.o(.text)
    SPI2_IRQHandler                          0x08000243   Thumb Code     0  startup_stm32f40_41xxx.o(.text)
    SPI3_IRQHandler                          0x08000243   Thumb Code     0  startup_stm32f40_41xxx.o(.text)
    TAMP_STAMP_IRQHandler                    0x08000243   Thumb Code     0  startup_stm32f40_41xxx.o(.text)
    TIM1_BRK_TIM9_IRQHandler                 0x08000243   Thumb Code     0  startup_stm32f40_41xxx.o(.text)
    TIM1_CC_IRQHandler                       0x08000243   Thumb Code     0  startup_stm32f40_41xxx.o(.text)
    TIM1_TRG_COM_TIM11_IRQHandler            0x08000243   Thumb Code     0  startup_stm32f40_41xxx.o(.text)
    TIM1_UP_TIM10_IRQHandler                 0x08000243   Thumb Code     0  startup_stm32f40_41xxx.o(.text)
    TIM4_IRQHandler                          0x08000243   Thumb Code     0  startup_stm32f40_41xxx.o(.text)
    TIM6_DAC_IRQHandler                      0x08000243   Thumb Code     0  startup_stm32f40_41xxx.o(.text)
    TIM8_BRK_TIM12_IRQHandler                0x08000243   Thumb Code     0  startup_stm32f40_41xxx.o(.text)
    TIM8_CC_IRQHandler                       0x08000243   Thumb Code     0  startup_stm32f40_41xxx.o(.text)
    TIM8_TRG_COM_TIM14_IRQHandler            0x08000243   Thumb Code     0  startup_stm32f40_41xxx.o(.text)
    TIM8_UP_TIM13_IRQHandler                 0x08000243   Thumb Code     0  startup_stm32f40_41xxx.o(.text)
    UART4_IRQHandler                         0x08000243   Thumb Code     0  startup_stm32f40_41xxx.o(.text)
    UART5_IRQHandler                         0x08000243   Thumb Code     0  startup_stm32f40_41xxx.o(.text)
    USART2_IRQHandler                        0x08000243   Thumb Code     0  startup_stm32f40_41xxx.o(.text)
    USART3_IRQHandler                        0x08000243   Thumb Code     0  startup_stm32f40_41xxx.o(.text)
    USART6_IRQHandler                        0x08000243   Thumb Code     0  startup_stm32f40_41xxx.o(.text)
    WWDG_IRQHandler                          0x08000243   Thumb Code     0  startup_stm32f40_41xxx.o(.text)
    __user_initial_stackheap                 0x08000245   Thumb Code     0  startup_stm32f40_41xxx.o(.text)
    strcpy                                   0x08000269   Thumb Code    72  strcpy.o(.text)
    __use_two_region_memory                  0x080002b1   Thumb Code     2  heapauxi.o(.text)
    __rt_heap_escrow$2region                 0x080002b3   Thumb Code     2  heapauxi.o(.text)
    __rt_heap_expand$2region                 0x080002b5   Thumb Code     2  heapauxi.o(.text)
    __read_errno                             0x080002b7   Thumb Code    10  _rserrno.o(.text)
    __set_errno                              0x080002c1   Thumb Code    12  _rserrno.o(.text)
    __aeabi_errno_addr                       0x080002cd   Thumb Code     8  rt_errno_addr_intlibspace.o(.text)
    __errno$intlibspace                      0x080002cd   Thumb Code     0  rt_errno_addr_intlibspace.o(.text)
    __rt_errno_addr$intlibspace              0x080002cd   Thumb Code     0  rt_errno_addr_intlibspace.o(.text)
    __user_libspace                          0x080002d5   Thumb Code     8  libspace.o(.text)
    __user_perproc_libspace                  0x080002d5   Thumb Code     0  libspace.o(.text)
    __user_perthread_libspace                0x080002d5   Thumb Code     0  libspace.o(.text)
    __user_setup_stackheap                   0x080002dd   Thumb Code    74  sys_stackheap_outer.o(.text)
    exit                                     0x08000327   Thumb Code    18  exit.o(.text)
    _sys_exit                                0x08000339   Thumb Code     8  sys_exit.o(.text)
    __I$use$semihosting                      0x08000345   Thumb Code     0  use_no_semi.o(.text)
    __use_no_semihosting_swi                 0x08000345   Thumb Code     2  use_no_semi.o(.text)
    BusFault_Handler                         0x08000347   Thumb Code     4  stm32f4xx_it.o(i.BusFault_Handler)
    __semihosting_library_function           0x08000347   Thumb Code     0  indicate_semi.o(.text)
    Control_4ms                              0x0800034d   Thumb Code  3336  main_control.o(i.Control_4ms)
    Control_main                             0x08001055   Thumb Code     2  main_control.o(i.Control_main)
    DebugMon_Handler                         0x08001057   Thumb Code     2  stm32f4xx_it.o(i.DebugMon_Handler)
    ENCODER_Init                             0x08001059   Thumb Code   370  encoder.o(i.ENCODER_Init)
    FSMC_NORSRAMCmd                          0x080011e1   Thumb Code    46  stm32f4xx_fsmc.o(i.FSMC_NORSRAMCmd)
    FSMC_NORSRAMInit                         0x08001215   Thumb Code   230  stm32f4xx_fsmc.o(i.FSMC_NORSRAMInit)
    GET_TP_XY                                0x080012fd   Thumb Code   192  touch.o(i.GET_TP_XY)
    GET_d2                                   0x080013dd   Thumb Code   218  handle.o(i.GET_d2)
    GET_degree                               0x080014bd   Thumb Code   182  handle.o(i.GET_degree)
    GET_rotate_By_direction                  0x08001591   Thumb Code   232  handle.o(i.GET_rotate_By_direction)
    GET_speed                                0x08001695   Thumb Code    30  handle.o(i.GET_speed)
    GET_touch_key                            0x080016c1   Thumb Code   598  slave_computer.o(i.GET_touch_key)
    GPIO_Init                                0x08001925   Thumb Code   144  stm32f4xx_gpio.o(i.GPIO_Init)
    GPIO_PinAFConfig                         0x080019b5   Thumb Code    70  stm32f4xx_gpio.o(i.GPIO_PinAFConfig)
    GPIO_ReadInputDataBit                    0x080019fb   Thumb Code    18  stm32f4xx_gpio.o(i.GPIO_ReadInputDataBit)
    GPIO_ReadOutputDataBit                   0x08001a0d   Thumb Code    18  stm32f4xx_gpio.o(i.GPIO_ReadOutputDataBit)
    GPIO_ResetBits                           0x08001a1f   Thumb Code     4  stm32f4xx_gpio.o(i.GPIO_ResetBits)
    GPIO_SetBits                             0x08001a23   Thumb Code     4  stm32f4xx_gpio.o(i.GPIO_SetBits)
    Get_angle                                0x08001a29   Thumb Code  3292  handle.o(i.Get_angle)
    Get_offset                               0x08002705   Thumb Code   120  mpu6050.o(i.Get_offset)
    HardFault_Handler                        0x08002781   Thumb Code     4  stm32f4xx_it.o(i.HardFault_Handler)
    I2C_Ack                                  0x08002785   Thumb Code    54  i2c.o(i.I2C_Ack)
    I2C_ReadByte                             0x080027c1   Thumb Code    84  i2c.o(i.I2C_ReadByte)
    I2C_RecieveByte                          0x08002819   Thumb Code    72  i2c.o(i.I2C_RecieveByte)
    I2C_RecieveBytes                         0x08002861   Thumb Code   114  i2c.o(i.I2C_RecieveBytes)
    I2C_SCL_Init                             0x080028d5   Thumb Code    54  i2c.o(i.I2C_SCL_Init)
    I2C_SDA_Init                             0x08002911   Thumb Code    58  i2c.o(i.I2C_SDA_Init)
    I2C_S_Init                               0x08002951   Thumb Code    22  i2c.o(i.I2C_S_Init)
    I2C_SendByte                             0x0800296d   Thumb Code    76  i2c.o(i.I2C_SendByte)
    I2C_Start                                0x080029b9   Thumb Code    54  i2c.o(i.I2C_Start)
    I2C_Stop                                 0x080029f5   Thumb Code    54  i2c.o(i.I2C_Stop)
    I2C_WriteByte                            0x08002a31   Thumb Code    96  i2c.o(i.I2C_WriteByte)
    I2C_nAck                                 0x08002a95   Thumb Code    54  i2c.o(i.I2C_nAck)
    I2C_rAck                                 0x08002ad1   Thumb Code    72  i2c.o(i.I2C_rAck)
    KEY_Init                                 0x08002b1d   Thumb Code    60  key.o(i.KEY_Init)
    LCD_Clear                                0x08002b61   Thumb Code   100  lcd.o(i.LCD_Clear)
    LCD_Display_Dir                          0x08002bcd   Thumb Code   364  lcd.o(i.LCD_Display_Dir)
    LCD_DrawLine                             0x08002d3d   Thumb Code   176  lcd.o(i.LCD_DrawLine)
    LCD_DrawPoint                            0x08002ded   Thumb Code    28  lcd.o(i.LCD_DrawPoint)
    LCD_DrawRectangle                        0x08002e11   Thumb Code    60  lcd.o(i.LCD_DrawRectangle)
    LCD_Fast_DrawPoint                       0x08002e4d   Thumb Code   276  lcd.o(i.LCD_Fast_DrawPoint)
    LCD_Fill                                 0x08002f69   Thumb Code   178  lcd.o(i.LCD_Fill)
    LCD_Init                                 0x08003025   Thumb Code 14094  lcd.o(i.LCD_Init)
    LCD_Pow                                  0x0800673d   Thumb Code    22  lcd.o(i.LCD_Pow)
    LCD_RD_DATA                              0x08006755   Thumb Code    14  lcd.o(i.LCD_RD_DATA)
    LCD_ReadReg                              0x08006769   Thumb Code    22  lcd.o(i.LCD_ReadReg)
    LCD_Scan_Dir                             0x08006781   Thumb Code   726  lcd.o(i.LCD_Scan_Dir)
    LCD_SetCursor                            0x08006a5d   Thumb Code   262  lcd.o(i.LCD_SetCursor)
    LCD_ShowChar                             0x08006b69   Thumb Code   272  lcd.o(i.LCD_ShowChar)
    LCD_ShowInt                              0x08006c91   Thumb Code   228  lcd.o(i.LCD_ShowInt)
    LCD_ShowNum                              0x08006d75   Thumb Code   148  lcd.o(i.LCD_ShowNum)
    LCD_ShowString                           0x08006e09   Thumb Code   102  lcd.o(i.LCD_ShowString)
    LCD_WR_DATA                              0x08006e71   Thumb Code    18  lcd.o(i.LCD_WR_DATA)
    LCD_WR_REG                               0x08006e89   Thumb Code    18  lcd.o(i.LCD_WR_REG)
    LCD_WriteRAM_Prepare                     0x08006ea1   Thumb Code    10  lcd.o(i.LCD_WriteRAM_Prepare)
    LCD_WriteReg                             0x08006eb5   Thumb Code    20  lcd.o(i.LCD_WriteReg)
    LED_Change                               0x08006ecd   Thumb Code    34  led.o(i.LED_Change)
    LED_Init                                 0x08006ef5   Thumb Code    56  led.o(i.LED_Init)
    MOTOR0_Set                               0x08006f31   Thumb Code    68  motor.o(i.MOTOR0_Set)
    MOTOR1_Set                               0x08006f7d   Thumb Code    66  motor.o(i.MOTOR1_Set)
    MOTOR2_Set                               0x08006fcd   Thumb Code    66  motor.o(i.MOTOR2_Set)
    MOTOR_Init                               0x0800701d   Thumb Code   310  motor.o(i.MOTOR_Init)
    MPU6050_Init                             0x08007161   Thumb Code    98  mpu6050.o(i.MPU6050_Init)
    MPU_Get_Accelerometer                    0x080071c3   Thumb Code    72  mpu6050.o(i.MPU_Get_Accelerometer)
    MPU_Get_Gyroscope                        0x0800720b   Thumb Code    72  mpu6050.o(i.MPU_Get_Gyroscope)
    MPU_Get_param                            0x08007255   Thumb Code   304  mpu6050.o(i.MPU_Get_param)
    MemManage_Handler                        0x080073b1   Thumb Code     4  stm32f4xx_it.o(i.MemManage_Handler)
    NMI_Handler                              0x080073b5   Thumb Code     2  stm32f4xx_it.o(i.NMI_Handler)
    NVIC_Init                                0x080073b9   Thumb Code   106  misc.o(i.NVIC_Init)
    PID_Compulate                            0x08007431   Thumb Code   534  pid.o(i.PID_Compulate)
    PID_param_Init                           0x08007651   Thumb Code   244  pid.o(i.PID_param_Init)
    PID_param_Reset                          0x080077a1   Thumb Code    82  pid.o(i.PID_param_Reset)
    Page                                     0x080077fd   Thumb Code   254  slave_computer.o(i.Page)
    Page_1                                   0x0800790d   Thumb Code   662  slave_computer.o(i.Page_1)
    Page_2                                   0x08007c6d   Thumb Code   678  slave_computer.o(i.Page_2)
    Page_3                                   0x08007fb5   Thumb Code   794  slave_computer.o(i.Page_3)
    PendSV_Handler                           0x080083b5   Thumb Code     2  stm32f4xx_it.o(i.PendSV_Handler)
    RCC_AHB1PeriphClockCmd                   0x080083b9   Thumb Code    26  stm32f4xx_rcc.o(i.RCC_AHB1PeriphClockCmd)
    RCC_AHB3PeriphClockCmd                   0x080083d9   Thumb Code    26  stm32f4xx_rcc.o(i.RCC_AHB3PeriphClockCmd)
    RCC_APB1PeriphClockCmd                   0x080083f9   Thumb Code    26  stm32f4xx_rcc.o(i.RCC_APB1PeriphClockCmd)
    RCC_APB2PeriphClockCmd                   0x08008419   Thumb Code    26  stm32f4xx_rcc.o(i.RCC_APB2PeriphClockCmd)
    RCC_GetClocksFreq                        0x08008439   Thumb Code   214  stm32f4xx_rcc.o(i.RCC_GetClocksFreq)
    SHOW_Pages                               0x08008521   Thumb Code   640  slave_computer.o(i.SHOW_Pages)
    STM32_Init                               0x0800882d   Thumb Code    56  public.o(i.STM32_Init)
    SVC_Handler                              0x08008865   Thumb Code     2  stm32f4xx_it.o(i.SVC_Handler)
    SysTick_Handler                          0x08008955   Thumb Code     2  stm32f4xx_it.o(i.SysTick_Handler)
    SystemInit                               0x08008959   Thumb Code    88  system_stm32f4xx.o(i.SystemInit)
    TIM2_IRQHandler                          0x08008ae5   Thumb Code   216  encoder.o(i.TIM2_IRQHandler)
    TIM3_IRQHandler                          0x08008be9   Thumb Code   214  encoder.o(i.TIM3_IRQHandler)
    TIM5_IRQHandler                          0x08008cf1   Thumb Code   214  encoder.o(i.TIM5_IRQHandler)
    TIM7_IRQHandler                          0x08008df9   Thumb Code    26  tim.o(i.TIM7_IRQHandler)
    TIM_4ms_Init                             0x08008e1d   Thumb Code    92  tim.o(i.TIM_4ms_Init)
    TIM_ARRPreloadConfig                     0x08008e7d   Thumb Code    24  stm32f4xx_tim.o(i.TIM_ARRPreloadConfig)
    TIM_ClearITPendingBit                    0x08008e95   Thumb Code     6  stm32f4xx_tim.o(i.TIM_ClearITPendingBit)
    TIM_Cmd                                  0x08008e9b   Thumb Code    24  stm32f4xx_tim.o(i.TIM_Cmd)
    TIM_GetCapture1                          0x08008eb3   Thumb Code     6  stm32f4xx_tim.o(i.TIM_GetCapture1)
    TIM_GetCapture3                          0x08008eb9   Thumb Code     6  stm32f4xx_tim.o(i.TIM_GetCapture3)
    TIM_GetCapture4                          0x08008ebf   Thumb Code     6  stm32f4xx_tim.o(i.TIM_GetCapture4)
    TIM_GetITStatus                          0x08008ec5   Thumb Code    34  stm32f4xx_tim.o(i.TIM_GetITStatus)
    TIM_ICInit                               0x08008ee7   Thumb Code   110  stm32f4xx_tim.o(i.TIM_ICInit)
    TIM_ITConfig                             0x08008f55   Thumb Code    18  stm32f4xx_tim.o(i.TIM_ITConfig)
    TIM_OC1Init                              0x08008f69   Thumb Code   114  stm32f4xx_tim.o(i.TIM_OC1Init)
    TIM_OC1PreloadConfig                     0x08008fe5   Thumb Code    18  stm32f4xx_tim.o(i.TIM_OC1PreloadConfig)
    TIM_OC2Init                              0x08008ff9   Thumb Code   154  stm32f4xx_tim.o(i.TIM_OC2Init)
    TIM_OC2PolarityConfig                    0x0800909d   Thumb Code    26  stm32f4xx_tim.o(i.TIM_OC2PolarityConfig)
    TIM_OC2PreloadConfig                     0x080090b7   Thumb Code    26  stm32f4xx_tim.o(i.TIM_OC2PreloadConfig)
    TIM_OC3Init                              0x080090d1   Thumb Code   150  stm32f4xx_tim.o(i.TIM_OC3Init)
    TIM_OC3PreloadConfig                     0x08009171   Thumb Code    18  stm32f4xx_tim.o(i.TIM_OC3PreloadConfig)
    TIM_SetCompare1                          0x08009183   Thumb Code     4  stm32f4xx_tim.o(i.TIM_SetCompare1)
    TIM_SetCompare2                          0x08009187   Thumb Code     4  stm32f4xx_tim.o(i.TIM_SetCompare2)
    TIM_SetCompare3                          0x0800918b   Thumb Code     4  stm32f4xx_tim.o(i.TIM_SetCompare3)
    TIM_SetCounter                           0x0800918f   Thumb Code     4  stm32f4xx_tim.o(i.TIM_SetCounter)
    TIM_SetIC1Prescaler                      0x08009193   Thumb Code    18  stm32f4xx_tim.o(i.TIM_SetIC1Prescaler)
    TIM_SetIC2Prescaler                      0x080091a5   Thumb Code    26  stm32f4xx_tim.o(i.TIM_SetIC2Prescaler)
    TIM_SetIC3Prescaler                      0x080091bf   Thumb Code    18  stm32f4xx_tim.o(i.TIM_SetIC3Prescaler)
    TIM_SetIC4Prescaler                      0x080091d1   Thumb Code    26  stm32f4xx_tim.o(i.TIM_SetIC4Prescaler)
    TIM_TimeBaseInit                         0x080091ed   Thumb Code   104  stm32f4xx_tim.o(i.TIM_TimeBaseInit)
    TP_Init                                  0x08009271   Thumb Code    92  touch.o(i.TP_Init)
    TP_Read_AD                               0x080092d9   Thumb Code   170  touch.o(i.TP_Read_AD)
    TP_Read_XOY                              0x08009389   Thumb Code   120  touch.o(i.TP_Read_XOY)
    TP_Read_XY                               0x08009401   Thumb Code    38  touch.o(i.TP_Read_XY)
    TP_Read_XY2                              0x08009431   Thumb Code   192  touch.o(i.TP_Read_XY2)
    TP_Scan                                  0x080094f1   Thumb Code   234  touch.o(i.TP_Scan)
    TP_Write_Byte                            0x080095e5   Thumb Code    78  touch.o(i.TP_Write_Byte)
    USART1_IRQHandler                        0x08009639   Thumb Code    26  usart.o(i.USART1_IRQHandler)
    USART1_Init                              0x0800965d   Thumb Code   182  usart.o(i.USART1_Init)
    USART_Cmd                                0x0800971d   Thumb Code    24  stm32f4xx_usart.o(i.USART_Cmd)
    USART_GetFlagStatus                      0x08009735   Thumb Code    26  stm32f4xx_usart.o(i.USART_GetFlagStatus)
    USART_ITConfig                           0x0800974f   Thumb Code    74  stm32f4xx_usart.o(i.USART_ITConfig)
    USART_Init                               0x08009799   Thumb Code   204  stm32f4xx_usart.o(i.USART_Init)
    USART_ReceiveData                        0x0800986d   Thumb Code    10  stm32f4xx_usart.o(i.USART_ReceiveData)
    UsageFault_Handler                       0x08009877   Thumb Code     4  stm32f4xx_it.o(i.UsageFault_Handler)
    __ARM_fpclassify                         0x0800987b   Thumb Code    48  fpclassify.o(i.__ARM_fpclassify)
    __hardfp_acos                            0x080098b1   Thumb Code   738  acos.o(i.__hardfp_acos)
    __hardfp_asin                            0x08009c09   Thumb Code   770  asin.o(i.__hardfp_asin)
    __hardfp_atan                            0x08009f69   Thumb Code   622  atan.o(i.__hardfp_atan)
    __hardfp_atan2                           0x0800a241   Thumb Code   432  atan2.o(i.__hardfp_atan2)
    __hardfp_cos                             0x0800a431   Thumb Code   180  cos.o(i.__hardfp_cos)
    __hardfp_fabs                            0x0800a4f9   Thumb Code    20  fabs.o(i.__hardfp_fabs)
    __hardfp_pow                             0x0800a511   Thumb Code  3072  pow.o(i.__hardfp_pow)
    __hardfp_sin                             0x0800b161   Thumb Code   180  sin.o(i.__hardfp_sin)
    __hardfp_sqrt                            0x0800b229   Thumb Code   122  sqrt.o(i.__hardfp_sqrt)
    __hardfp_tan                             0x0800b2a9   Thumb Code   108  tan.o(i.__hardfp_tan)
    __ieee754_rem_pio2                       0x0800b329   Thumb Code   938  rred.o(i.__ieee754_rem_pio2)
    __kernel_cos                             0x0800b761   Thumb Code   322  cos_i.o(i.__kernel_cos)
    __kernel_poly                            0x0800b8d1   Thumb Code   248  poly.o(i.__kernel_poly)
    __kernel_sin                             0x0800b9c9   Thumb Code   280  sin_i.o(i.__kernel_sin)
    __kernel_tan                             0x0800baf9   Thumb Code   764  tan_i.o(i.__kernel_tan)
    __mathlib_dbl_divzero                    0x0800be49   Thumb Code    28  dunder.o(i.__mathlib_dbl_divzero)
    __mathlib_dbl_infnan                     0x0800be79   Thumb Code    20  dunder.o(i.__mathlib_dbl_infnan)
    __mathlib_dbl_infnan2                    0x0800be8d   Thumb Code    20  dunder.o(i.__mathlib_dbl_infnan2)
    __mathlib_dbl_invalid                    0x0800bea1   Thumb Code    24  dunder.o(i.__mathlib_dbl_invalid)
    __mathlib_dbl_overflow                   0x0800bec1   Thumb Code    24  dunder.o(i.__mathlib_dbl_overflow)
    __mathlib_dbl_underflow                  0x0800bee1   Thumb Code    24  dunder.o(i.__mathlib_dbl_underflow)
    atan                                     0x0800bf01   Thumb Code    16  atan.o(i.atan)
    data_op                                  0x0800bf11   Thumb Code   222  slave_computer.o(i.data_op)
    delay_ms                                 0x0800c001   Thumb Code    72  delay.o(i.delay_ms)
    delay_us                                 0x0800c049   Thumb Code    74  delay.o(i.delay_us)
    fabs                                     0x0800c093   Thumb Code    24  fabs.o(i.fabs)
    main                                     0x0800c0ab   Thumb Code    16  main.o(i.main)
    sqrt                                     0x0800c0bb   Thumb Code   110  sqrt.o(i.sqrt)
    __aeabi_dneg                             0x0800c129   Thumb Code     0  basic.o(x$fpl$basic)
    _dneg                                    0x0800c129   Thumb Code     6  basic.o(x$fpl$basic)
    __aeabi_fneg                             0x0800c12f   Thumb Code     0  basic.o(x$fpl$basic)
    _fneg                                    0x0800c12f   Thumb Code     6  basic.o(x$fpl$basic)
    _dabs                                    0x0800c135   Thumb Code     6  basic.o(x$fpl$basic)
    _fabs                                    0x0800c13b   Thumb Code     6  basic.o(x$fpl$basic)
    __aeabi_dadd                             0x0800c141   Thumb Code     0  daddsub_clz.o(x$fpl$dadd)
    _dadd                                    0x0800c141   Thumb Code   332  daddsub_clz.o(x$fpl$dadd)
    __fpl_dcheck_NaN1                        0x0800c291   Thumb Code    10  dcheck1.o(x$fpl$dcheck1)
    __fpl_dcmp_Inf                           0x0800c2a1   Thumb Code    24  dcmpi.o(x$fpl$dcmpinf)
    __aeabi_ddiv                             0x0800c2b9   Thumb Code     0  ddiv.o(x$fpl$ddiv)
    _ddiv                                    0x0800c2b9   Thumb Code   552  ddiv.o(x$fpl$ddiv)
    __aeabi_d2iz                             0x0800c569   Thumb Code     0  dfix.o(x$fpl$dfix)
    _dfix                                    0x0800c569   Thumb Code    94  dfix.o(x$fpl$dfix)
    __aeabi_d2uiz                            0x0800c5c9   Thumb Code     0  dfixu.o(x$fpl$dfixu)
    _dfixu                                   0x0800c5c9   Thumb Code    90  dfixu.o(x$fpl$dfixu)
    __aeabi_i2d                              0x0800c623   Thumb Code     0  dflt_clz.o(x$fpl$dflt)
    _dflt                                    0x0800c623   Thumb Code    46  dflt_clz.o(x$fpl$dflt)
    __aeabi_ui2d                             0x0800c651   Thumb Code     0  dflt_clz.o(x$fpl$dfltu)
    _dfltu                                   0x0800c651   Thumb Code    38  dflt_clz.o(x$fpl$dfltu)
    __aeabi_cdcmple                          0x0800c679   Thumb Code     0  dleqf.o(x$fpl$dleqf)
    _dcmple                                  0x0800c679   Thumb Code   120  dleqf.o(x$fpl$dleqf)
    __fpl_dcmple_InfNaN                      0x0800c6db   Thumb Code     0  dleqf.o(x$fpl$dleqf)
    __aeabi_dmul                             0x0800c6f1   Thumb Code     0  dmul.o(x$fpl$dmul)
    _dmul                                    0x0800c6f1   Thumb Code   332  dmul.o(x$fpl$dmul)
    __fpl_dnaninf                            0x0800c845   Thumb Code   156  dnaninf.o(x$fpl$dnaninf)
    __fpl_dretinf                            0x0800c8e1   Thumb Code    12  dretinf.o(x$fpl$dretinf)
    __aeabi_cdrcmple                         0x0800c8ed   Thumb Code     0  drleqf.o(x$fpl$drleqf)
    _drcmple                                 0x0800c8ed   Thumb Code   108  drleqf.o(x$fpl$drleqf)
    __aeabi_drsub                            0x0800c959   Thumb Code     0  daddsub_clz.o(x$fpl$drsb)
    _drsb                                    0x0800c959   Thumb Code    22  daddsub_clz.o(x$fpl$drsb)
    _dsqrt                                   0x0800c971   Thumb Code   404  dsqrt_umaal.o(x$fpl$dsqrt)
    __aeabi_dsub                             0x0800cb09   Thumb Code     0  daddsub_clz.o(x$fpl$dsub)
    _dsub                                    0x0800cb09   Thumb Code   464  daddsub_clz.o(x$fpl$dsub)
    _fp_init                                 0x0800ccdd   Thumb Code    10  fpinit.o(x$fpl$fpinit)
    __fplib_config_fpu_vfp                   0x0800cce5   Thumb Code     0  fpinit.o(x$fpl$fpinit)
    __fplib_config_pureend_doubles           0x0800cce5   Thumb Code     0  fpinit.o(x$fpl$fpinit)
    __fpl_return_NaN                         0x0800cce7   Thumb Code   100  retnan.o(x$fpl$retnan)
    __ARM_scalbn                             0x0800cd4b   Thumb Code    92  scalbn.o(x$fpl$scalbn)
    __fpl_cmpreturn                          0x0800cda7   Thumb Code    48  trapv.o(x$fpl$trapveneer)
    __I$use$fp                               0x0800cdd6   Number         0  usenofp.o(x$fpl$usenofp)
    asc2_1206                                0x0800cdd6   Data        1140  lcd.o(.constdata)
    asc2_1608                                0x0800d24a   Data        1520  lcd.o(.constdata)
    asc2_2412                                0x0800d83a   Data        3420  lcd.o(.constdata)
    __mathlib_zero                           0x0800e788   Data           8  qnan.o(.constdata)
    Region$$Table$$Base                      0x0800e8e0   Number         0  anon$$obj.o(Region$$Table)
    Region$$Table$$Limit                     0x0800e900   Number         0  anon$$obj.o(Region$$Table)
    time_4ms                                 0x20000000   Data           4  tim.o(.data)
    key_usart                                0x20000004   Data           1  usart.o(.data)
    encoder0_count                           0x20000008   Data           4  encoder.o(.data)
    encoder1_count                           0x2000000c   Data           4  encoder.o(.data)
    encoder2_count                           0x20000010   Data           4  encoder.o(.data)
    POINT_COLOR                              0x20000014   Data           2  lcd.o(.data)
    BACK_COLOR                               0x20000016   Data           2  lcd.o(.data)
    gyro_offset                              0x20000018   Data           6  mpu6050.o(.data)
    acce_offset                              0x2000001e   Data           6  mpu6050.o(.data)
    tp_dev                                   0x20000024   Data          48  touch.o(.data)
    CMD_RDX                                  0x20000054   Data           1  touch.o(.data)
    CMD_RDY                                  0x20000055   Data           1  touch.o(.data)
    q0                                       0x20000058   Data           8  handle.o(.data)
    q1                                       0x20000060   Data           8  handle.o(.data)
    q2                                       0x20000068   Data           8  handle.o(.data)
    q3                                       0x20000070   Data           8  handle.o(.data)
    angle_erro                               0x20000078   Data           8  main_control.o(.data)
    page_now                                 0x20000080   Data           1  slave_computer.o(.data)
    line_now                                 0x20000081   Data           1  slave_computer.o(.data)
    data_now                                 0x20000082   Data           1  slave_computer.o(.data)
    touch_key                                0x20000083   Data           1  slave_computer.o(.data)
    touch_flag                               0x20000084   Data           1  slave_computer.o(.data)
    clear_flag                               0x20000085   Data           1  slave_computer.o(.data)
    is_touch                                 0x20000086   Data           1  slave_computer.o(.data)
    start                                    0x20000087   Data           1  slave_computer.o(.data)
    data_line                                0x20000088   Data          14  slave_computer.o(.data)
    clear                                    0x20000096   Data           1  slave_computer.o(.data)
    mode                                     0x20000097   Data           1  slave_computer.o(.data)
    rotate_f                                 0x20000098   Data           8  slave_computer.o(.data)
    angle                                    0x200000a0   Data           8  slave_computer.o(.data)
    time_start                               0x200000a8   Data           4  slave_computer.o(.data)
    rotate_motor                             0x200000c8   Data          24  encoder.o(.bss)
    lcddev                                   0x200000e0   Data          14  lcd.o(.bss)
    motor_pwm                                0x200000f0   Data         240  pid.o(.bss)
    location_pid                             0x200001e0   Data          80  pid.o(.bss)
    balance_pid                              0x20000230   Data          80  pid.o(.bss)
    angle_balance                            0x20000280   Data          16  main_control.o(.bss)
    name                                     0x20000290   Data        3315  slave_computer.o(.bss)
    motor_pwm_n                              0x20000f84   Data          12  slave_computer.o(.bss)
    mpu_rotate                               0x20000f90   Data          24  slave_computer.o(.bss)
    mpu_acce                                 0x20000fa8   Data          24  slave_computer.o(.bss)
    rotate_motor_exp                         0x20000fc0   Data          24  slave_computer.o(.bss)
    location_n                               0x20000fd8   Data          16  slave_computer.o(.bss)
    location_exp                             0x20000fe8   Data          16  slave_computer.o(.bss)
    __libspace_start                         0x20000ff8   Data          96  libspace.o(.bss)
    __temporary_stack_top$libspace           0x20001058   Data           0  libspace.o(.bss)



==============================================================================

Memory Map of the image

  Image Entry point : 0x08000189

  Load Region LR_IROM1 (Base: 0x08000000, Size: 0x0000e9c4, Max: 0x00080000, ABSOLUTE)

    Execution Region ER_IROM1 (Base: 0x08000000, Size: 0x0000e900, Max: 0x00080000, ABSOLUTE)

    Base Addr    Size         Type   Attr      Idx    E Section Name        Object

    0x08000000   0x00000188   Data   RO         1167    RESET               startup_stm32f40_41xxx.o
    0x08000188   0x00000008   Code   RO         2572  * !!!main             c_w.l(__main.o)
    0x08000190   0x00000034   Code   RO         2946    !!!scatter          c_w.l(__scatter.o)
    0x080001c4   0x0000001a   Code   RO         2948    !!handler_copy      c_w.l(__scatter_copy.o)
    0x080001de   0x00000002   PAD
    0x080001e0   0x0000001c   Code   RO         2950    !!handler_zi        c_w.l(__scatter_zi.o)
    0x080001fc   0x00000002   Code   RO         2815    .ARM.Collect$$libinit$$00000000  c_w.l(libinit.o)
    0x080001fe   0x00000004   Code   RO         2820    .ARM.Collect$$libinit$$00000001  c_w.l(libinit2.o)
    0x08000202   0x00000000   Code   RO         2823    .ARM.Collect$$libinit$$00000004  c_w.l(libinit2.o)
    0x08000202   0x00000000   Code   RO         2826    .ARM.Collect$$libinit$$0000000A  c_w.l(libinit2.o)
    0x08000202   0x00000000   Code   RO         2828    .ARM.Collect$$libinit$$0000000C  c_w.l(libinit2.o)
    0x08000202   0x00000000   Code   RO         2830    .ARM.Collect$$libinit$$0000000E  c_w.l(libinit2.o)
    0x08000202   0x00000000   Code   RO         2833    .ARM.Collect$$libinit$$00000011  c_w.l(libinit2.o)
    0x08000202   0x00000000   Code   RO         2835    .ARM.Collect$$libinit$$00000013  c_w.l(libinit2.o)
    0x08000202   0x00000000   Code   RO         2837    .ARM.Collect$$libinit$$00000015  c_w.l(libinit2.o)
    0x08000202   0x00000000   Code   RO         2839    .ARM.Collect$$libinit$$00000017  c_w.l(libinit2.o)
    0x08000202   0x00000000   Code   RO         2841    .ARM.Collect$$libinit$$00000019  c_w.l(libinit2.o)
    0x08000202   0x00000000   Code   RO         2843    .ARM.Collect$$libinit$$0000001B  c_w.l(libinit2.o)
    0x08000202   0x00000000   Code   RO         2845    .ARM.Collect$$libinit$$0000001D  c_w.l(libinit2.o)
    0x08000202   0x00000000   Code   RO         2847    .ARM.Collect$$libinit$$0000001F  c_w.l(libinit2.o)
    0x08000202   0x00000000   Code   RO         2849    .ARM.Collect$$libinit$$00000021  c_w.l(libinit2.o)
    0x08000202   0x00000000   Code   RO         2851    .ARM.Collect$$libinit$$00000023  c_w.l(libinit2.o)
    0x08000202   0x00000000   Code   RO         2853    .ARM.Collect$$libinit$$00000025  c_w.l(libinit2.o)
    0x08000202   0x00000000   Code   RO         2857    .ARM.Collect$$libinit$$0000002C  c_w.l(libinit2.o)
    0x08000202   0x00000000   Code   RO         2859    .ARM.Collect$$libinit$$0000002E  c_w.l(libinit2.o)
    0x08000202   0x00000000   Code   RO         2861    .ARM.Collect$$libinit$$00000030  c_w.l(libinit2.o)
    0x08000202   0x00000000   Code   RO         2863    .ARM.Collect$$libinit$$00000032  c_w.l(libinit2.o)
    0x08000202   0x00000002   Code   RO         2864    .ARM.Collect$$libinit$$00000033  c_w.l(libinit2.o)
    0x08000204   0x00000002   Code   RO         2886    .ARM.Collect$$libshutdown$$00000000  c_w.l(libshutdown.o)
    0x08000206   0x00000000   Code   RO         2899    .ARM.Collect$$libshutdown$$00000002  c_w.l(libshutdown2.o)
    0x08000206   0x00000000   Code   RO         2901    .ARM.Collect$$libshutdown$$00000004  c_w.l(libshutdown2.o)
    0x08000206   0x00000000   Code   RO         2904    .ARM.Collect$$libshutdown$$00000007  c_w.l(libshutdown2.o)
    0x08000206   0x00000000   Code   RO         2907    .ARM.Collect$$libshutdown$$0000000A  c_w.l(libshutdown2.o)
    0x08000206   0x00000000   Code   RO         2909    .ARM.Collect$$libshutdown$$0000000C  c_w.l(libshutdown2.o)
    0x08000206   0x00000000   Code   RO         2912    .ARM.Collect$$libshutdown$$0000000F  c_w.l(libshutdown2.o)
    0x08000206   0x00000002   Code   RO         2913    .ARM.Collect$$libshutdown$$00000010  c_w.l(libshutdown2.o)
    0x08000208   0x00000000   Code   RO         2728    .ARM.Collect$$rtentry$$00000000  c_w.l(__rtentry.o)
    0x08000208   0x00000000   Code   RO         2782    .ARM.Collect$$rtentry$$00000002  c_w.l(__rtentry2.o)
    0x08000208   0x00000006   Code   RO         2794    .ARM.Collect$$rtentry$$00000004  c_w.l(__rtentry4.o)
    0x0800020e   0x00000000   Code   RO         2784    .ARM.Collect$$rtentry$$00000009  c_w.l(__rtentry2.o)
    0x0800020e   0x00000004   Code   RO         2785    .ARM.Collect$$rtentry$$0000000A  c_w.l(__rtentry2.o)
    0x08000212   0x00000000   Code   RO         2787    .ARM.Collect$$rtentry$$0000000C  c_w.l(__rtentry2.o)
    0x08000212   0x00000008   Code   RO         2788    .ARM.Collect$$rtentry$$0000000D  c_w.l(__rtentry2.o)
    0x0800021a   0x00000002   Code   RO         2818    .ARM.Collect$$rtexit$$00000000  c_w.l(rtexit.o)
    0x0800021c   0x00000000   Code   RO         2868    .ARM.Collect$$rtexit$$00000002  c_w.l(rtexit2.o)
    0x0800021c   0x00000004   Code   RO         2869    .ARM.Collect$$rtexit$$00000003  c_w.l(rtexit2.o)
    0x08000220   0x00000006   Code   RO         2870    .ARM.Collect$$rtexit$$00000004  c_w.l(rtexit2.o)
    0x08000226   0x00000002   PAD
    0x08000228   0x00000040   Code   RO         1168    .text               startup_stm32f40_41xxx.o
    0x08000268   0x00000048   Code   RO         2568    .text               c_w.l(strcpy.o)
    0x080002b0   0x00000006   Code   RO         2570    .text               c_w.l(heapauxi.o)
    0x080002b6   0x00000016   Code   RO         2729    .text               c_w.l(_rserrno.o)
    0x080002cc   0x00000008   Code   RO         2799    .text               c_w.l(rt_errno_addr_intlibspace.o)
    0x080002d4   0x00000008   Code   RO         2803    .text               c_w.l(libspace.o)
    0x080002dc   0x0000004a   Code   RO         2806    .text               c_w.l(sys_stackheap_outer.o)
    0x08000326   0x00000012   Code   RO         2808    .text               c_w.l(exit.o)
    0x08000338   0x0000000c   Code   RO         2878    .text               c_w.l(sys_exit.o)
    0x08000344   0x00000002   Code   RO         2889    .text               c_w.l(use_no_semi.o)
    0x08000346   0x00000000   Code   RO         2891    .text               c_w.l(indicate_semi.o)
    0x08000346   0x00000004   Code   RO          180    i.BusFault_Handler  stm32f4xx_it.o
    0x0800034a   0x00000002   PAD
    0x0800034c   0x00000d08   Code   RO         1072    i.Control_4ms       main_control.o
    0x08001054   0x00000002   Code   RO         1073    i.Control_main      main_control.o
    0x08001056   0x00000002   Code   RO          181    i.DebugMon_Handler  stm32f4xx_it.o
    0x08001058   0x00000188   Code   RO          465    i.ENCODER_Init      encoder.o
    0x080011e0   0x00000034   Code   RO         2448    i.FSMC_NORSRAMCmd   stm32f4xx_fsmc.o
    0x08001214   0x000000e6   Code   RO         2450    i.FSMC_NORSRAMInit  stm32f4xx_fsmc.o
    0x080012fa   0x00000002   PAD
    0x080012fc   0x000000e0   Code   RO          909    i.GET_TP_XY         touch.o
    0x080013dc   0x000000e0   Code   RO          978    i.GET_d2            handle.o
    0x080014bc   0x000000d4   Code   RO          979    i.GET_degree        handle.o
    0x08001590   0x00000104   Code   RO          980    i.GET_rotate_By_direction  handle.o
    0x08001694   0x0000002c   Code   RO          982    i.GET_speed         handle.o
    0x080016c0   0x00000264   Code   RO         1103    i.GET_touch_key     slave_computer.o
    0x08001924   0x00000090   Code   RO         1546    i.GPIO_Init         stm32f4xx_gpio.o
    0x080019b4   0x00000046   Code   RO         1547    i.GPIO_PinAFConfig  stm32f4xx_gpio.o
    0x080019fa   0x00000012   Code   RO         1550    i.GPIO_ReadInputDataBit  stm32f4xx_gpio.o
    0x08001a0c   0x00000012   Code   RO         1552    i.GPIO_ReadOutputDataBit  stm32f4xx_gpio.o
    0x08001a1e   0x00000004   Code   RO         1553    i.GPIO_ResetBits    stm32f4xx_gpio.o
    0x08001a22   0x00000004   Code   RO         1554    i.GPIO_SetBits      stm32f4xx_gpio.o
    0x08001a26   0x00000002   PAD
    0x08001a28   0x00000cdc   Code   RO          983    i.Get_angle         handle.o
    0x08002704   0x0000007c   Code   RO          828    i.Get_offset        mpu6050.o
    0x08002780   0x00000004   Code   RO          182    i.HardFault_Handler  stm32f4xx_it.o
    0x08002784   0x0000003c   Code   RO          297    i.I2C_Ack           i2c.o
    0x080027c0   0x00000058   Code   RO          298    i.I2C_ReadByte      i2c.o
    0x08002818   0x00000048   Code   RO          299    i.I2C_RecieveByte   i2c.o
    0x08002860   0x00000072   Code   RO          300    i.I2C_RecieveBytes  i2c.o
    0x080028d2   0x00000002   PAD
    0x080028d4   0x0000003c   Code   RO          301    i.I2C_SCL_Init      i2c.o
    0x08002910   0x00000040   Code   RO          302    i.I2C_SDA_Init      i2c.o
    0x08002950   0x0000001c   Code   RO          303    i.I2C_S_Init        i2c.o
    0x0800296c   0x0000004c   Code   RO          304    i.I2C_SendByte      i2c.o
    0x080029b8   0x0000003c   Code   RO          306    i.I2C_Start         i2c.o
    0x080029f4   0x0000003c   Code   RO          307    i.I2C_Stop          i2c.o
    0x08002a30   0x00000064   Code   RO          308    i.I2C_WriteByte     i2c.o
    0x08002a94   0x0000003c   Code   RO          309    i.I2C_nAck          i2c.o
    0x08002ad0   0x0000004c   Code   RO          310    i.I2C_rAck          i2c.o
    0x08002b1c   0x00000044   Code   RO          508    i.KEY_Init          key.o
    0x08002b60   0x0000006c   Code   RO          536    i.LCD_Clear         lcd.o
    0x08002bcc   0x00000170   Code   RO          540    i.LCD_Display_Dir   lcd.o
    0x08002d3c   0x000000b0   Code   RO          541    i.LCD_DrawLine      lcd.o
    0x08002dec   0x00000024   Code   RO          542    i.LCD_DrawPoint     lcd.o
    0x08002e10   0x0000003c   Code   RO          543    i.LCD_DrawRectangle  lcd.o
    0x08002e4c   0x0000011c   Code   RO          545    i.LCD_Fast_DrawPoint  lcd.o
    0x08002f68   0x000000bc   Code   RO          546    i.LCD_Fill          lcd.o
    0x08003024   0x00003718   Code   RO          547    i.LCD_Init          lcd.o
    0x0800673c   0x00000016   Code   RO          548    i.LCD_Pow           lcd.o
    0x08006752   0x00000002   PAD
    0x08006754   0x00000014   Code   RO          549    i.LCD_RD_DATA       lcd.o
    0x08006768   0x00000016   Code   RO          551    i.LCD_ReadReg       lcd.o
    0x0800677e   0x00000002   PAD
    0x08006780   0x000002dc   Code   RO          552    i.LCD_Scan_Dir      lcd.o
    0x08006a5c   0x0000010c   Code   RO          553    i.LCD_SetCursor     lcd.o
    0x08006b68   0x00000128   Code   RO          555    i.LCD_ShowChar      lcd.o
    0x08006c90   0x000000e4   Code   RO          556    i.LCD_ShowInt       lcd.o
    0x08006d74   0x00000094   Code   RO          557    i.LCD_ShowNum       lcd.o
    0x08006e08   0x00000066   Code   RO          558    i.LCD_ShowString    lcd.o
    0x08006e6e   0x00000002   PAD
    0x08006e70   0x00000018   Code   RO          560    i.LCD_WR_DATA       lcd.o
    0x08006e88   0x00000018   Code   RO          561    i.LCD_WR_REG        lcd.o
    0x08006ea0   0x00000014   Code   RO          563    i.LCD_WriteRAM_Prepare  lcd.o
    0x08006eb4   0x00000018   Code   RO          564    i.LCD_WriteReg      lcd.o
    0x08006ecc   0x00000028   Code   RO          746    i.LED_Change        led.o
    0x08006ef4   0x0000003c   Code   RO          748    i.LED_Init          led.o
    0x08006f30   0x0000004c   Code   RO          790    i.MOTOR0_Set        motor.o
    0x08006f7c   0x00000050   Code   RO          791    i.MOTOR1_Set        motor.o
    0x08006fcc   0x00000050   Code   RO          792    i.MOTOR2_Set        motor.o
    0x0800701c   0x00000144   Code   RO          793    i.MOTOR_Init        motor.o
    0x08007160   0x00000062   Code   RO          829    i.MPU6050_Init      mpu6050.o
    0x080071c2   0x00000048   Code   RO          830    i.MPU_Get_Accelerometer  mpu6050.o
    0x0800720a   0x00000048   Code   RO          831    i.MPU_Get_Gyroscope  mpu6050.o
    0x08007252   0x00000002   PAD
    0x08007254   0x0000015c   Code   RO          833    i.MPU_Get_param     mpu6050.o
    0x080073b0   0x00000004   Code   RO          183    i.MemManage_Handler  stm32f4xx_it.o
    0x080073b4   0x00000002   Code   RO          184    i.NMI_Handler       stm32f4xx_it.o
    0x080073b6   0x00000002   PAD
    0x080073b8   0x00000078   Code   RO         2393    i.NVIC_Init         misc.o
    0x08007430   0x00000220   Code   RO         1037    i.PID_Compulate     pid.o
    0x08007650   0x00000150   Code   RO         1038    i.PID_param_Init    pid.o
    0x080077a0   0x0000005c   Code   RO         1039    i.PID_param_Reset   pid.o
    0x080077fc   0x00000110   Code   RO         1104    i.Page              slave_computer.o
    0x0800790c   0x00000360   Code   RO         1105    i.Page_1            slave_computer.o
    0x08007c6c   0x00000348   Code   RO         1106    i.Page_2            slave_computer.o
    0x08007fb4   0x00000400   Code   RO         1107    i.Page_3            slave_computer.o
    0x080083b4   0x00000002   Code   RO          185    i.PendSV_Handler    stm32f4xx_it.o
    0x080083b6   0x00000002   PAD
    0x080083b8   0x00000020   Code   RO         1211    i.RCC_AHB1PeriphClockCmd  stm32f4xx_rcc.o
    0x080083d8   0x00000020   Code   RO         1217    i.RCC_AHB3PeriphClockCmd  stm32f4xx_rcc.o
    0x080083f8   0x00000020   Code   RO         1220    i.RCC_APB1PeriphClockCmd  stm32f4xx_rcc.o
    0x08008418   0x00000020   Code   RO         1223    i.RCC_APB2PeriphClockCmd  stm32f4xx_rcc.o
    0x08008438   0x000000e8   Code   RO         1232    i.RCC_GetClocksFreq  stm32f4xx_rcc.o
    0x08008520   0x0000030c   Code   RO         1108    i.SHOW_Pages        slave_computer.o
    0x0800882c   0x00000038   Code   RO          251    i.STM32_Init        public.o
    0x08008864   0x00000002   Code   RO          186    i.SVC_Handler       stm32f4xx_it.o
    0x08008866   0x00000002   PAD
    0x08008868   0x000000ec   Code   RO         1174    i.SetSysClock       system_stm32f4xx.o
    0x08008954   0x00000002   Code   RO          187    i.SysTick_Handler   stm32f4xx_it.o
    0x08008956   0x00000002   PAD
    0x08008958   0x00000068   Code   RO         1176    i.SystemInit        system_stm32f4xx.o
    0x080089c0   0x0000003a   Code   RO         1643    i.TI1_Config        stm32f4xx_tim.o
    0x080089fa   0x00000050   Code   RO         1644    i.TI2_Config        stm32f4xx_tim.o
    0x08008a4a   0x00000048   Code   RO         1645    i.TI3_Config        stm32f4xx_tim.o
    0x08008a92   0x00000050   Code   RO         1646    i.TI4_Config        stm32f4xx_tim.o
    0x08008ae2   0x00000002   PAD
    0x08008ae4   0x00000104   Code   RO          466    i.TIM2_IRQHandler   encoder.o
    0x08008be8   0x00000108   Code   RO          467    i.TIM3_IRQHandler   encoder.o
    0x08008cf0   0x00000108   Code   RO          468    i.TIM5_IRQHandler   encoder.o
    0x08008df8   0x00000024   Code   RO          395    i.TIM7_IRQHandler   tim.o
    0x08008e1c   0x00000060   Code   RO          396    i.TIM_4ms_Init      tim.o
    0x08008e7c   0x00000018   Code   RO         1647    i.TIM_ARRPreloadConfig  stm32f4xx_tim.o
    0x08008e94   0x00000006   Code   RO         1654    i.TIM_ClearITPendingBit  stm32f4xx_tim.o
    0x08008e9a   0x00000018   Code   RO         1659    i.TIM_Cmd           stm32f4xx_tim.o
    0x08008eb2   0x00000006   Code   RO         1674    i.TIM_GetCapture1   stm32f4xx_tim.o
    0x08008eb8   0x00000006   Code   RO         1676    i.TIM_GetCapture3   stm32f4xx_tim.o
    0x08008ebe   0x00000006   Code   RO         1677    i.TIM_GetCapture4   stm32f4xx_tim.o
    0x08008ec4   0x00000022   Code   RO         1680    i.TIM_GetITStatus   stm32f4xx_tim.o
    0x08008ee6   0x0000006e   Code   RO         1682    i.TIM_ICInit        stm32f4xx_tim.o
    0x08008f54   0x00000012   Code   RO         1684    i.TIM_ITConfig      stm32f4xx_tim.o
    0x08008f66   0x00000002   PAD
    0x08008f68   0x0000007c   Code   RO         1688    i.TIM_OC1Init       stm32f4xx_tim.o
    0x08008fe4   0x00000012   Code   RO         1691    i.TIM_OC1PreloadConfig  stm32f4xx_tim.o
    0x08008ff6   0x00000002   PAD
    0x08008ff8   0x000000a4   Code   RO         1693    i.TIM_OC2Init       stm32f4xx_tim.o
    0x0800909c   0x0000001a   Code   RO         1695    i.TIM_OC2PolarityConfig  stm32f4xx_tim.o
    0x080090b6   0x0000001a   Code   RO         1696    i.TIM_OC2PreloadConfig  stm32f4xx_tim.o
    0x080090d0   0x000000a0   Code   RO         1698    i.TIM_OC3Init       stm32f4xx_tim.o
    0x08009170   0x00000012   Code   RO         1701    i.TIM_OC3PreloadConfig  stm32f4xx_tim.o
    0x08009182   0x00000004   Code   RO         1721    i.TIM_SetCompare1   stm32f4xx_tim.o
    0x08009186   0x00000004   Code   RO         1722    i.TIM_SetCompare2   stm32f4xx_tim.o
    0x0800918a   0x00000004   Code   RO         1723    i.TIM_SetCompare3   stm32f4xx_tim.o
    0x0800918e   0x00000004   Code   RO         1725    i.TIM_SetCounter    stm32f4xx_tim.o
    0x08009192   0x00000012   Code   RO         1726    i.TIM_SetIC1Prescaler  stm32f4xx_tim.o
    0x080091a4   0x0000001a   Code   RO         1727    i.TIM_SetIC2Prescaler  stm32f4xx_tim.o
    0x080091be   0x00000012   Code   RO         1728    i.TIM_SetIC3Prescaler  stm32f4xx_tim.o
    0x080091d0   0x0000001a   Code   RO         1729    i.TIM_SetIC4Prescaler  stm32f4xx_tim.o
    0x080091ea   0x00000002   PAD
    0x080091ec   0x00000084   Code   RO         1731    i.TIM_TimeBaseInit  stm32f4xx_tim.o
    0x08009270   0x00000068   Code   RO          910    i.TP_Init           touch.o
    0x080092d8   0x000000b0   Code   RO          911    i.TP_Read_AD        touch.o
    0x08009388   0x00000078   Code   RO          912    i.TP_Read_XOY       touch.o
    0x08009400   0x00000030   Code   RO          913    i.TP_Read_XY        touch.o
    0x08009430   0x000000c0   Code   RO          914    i.TP_Read_XY2       touch.o
    0x080094f0   0x000000f4   Code   RO          915    i.TP_Scan           touch.o
    0x080095e4   0x00000054   Code   RO          916    i.TP_Write_Byte     touch.o
    0x08009638   0x00000024   Code   RO          424    i.USART1_IRQHandler  usart.o
    0x0800965c   0x000000c0   Code   RO          425    i.USART1_Init       usart.o
    0x0800971c   0x00000018   Code   RO         2209    i.USART_Cmd         stm32f4xx_usart.o
    0x08009734   0x0000001a   Code   RO         2212    i.USART_GetFlagStatus  stm32f4xx_usart.o
    0x0800974e   0x0000004a   Code   RO         2215    i.USART_ITConfig    stm32f4xx_usart.o
    0x08009798   0x000000d4   Code   RO         2216    i.USART_Init        stm32f4xx_usart.o
    0x0800986c   0x0000000a   Code   RO         2223    i.USART_ReceiveData  stm32f4xx_usart.o
    0x08009876   0x00000004   Code   RO          188    i.UsageFault_Handler  stm32f4xx_it.o
    0x0800987a   0x00000030   Code   RO         2759    i.__ARM_fpclassify  m_wm.l(fpclassify.o)
    0x080098aa   0x00000006   PAD
    0x080098b0   0x00000358   Code   RO         2606    i.__hardfp_acos     m_wm.l(acos.o)
    0x08009c08   0x00000360   Code   RO         2620    i.__hardfp_asin     m_wm.l(asin.o)
    0x08009f68   0x000002d8   Code   RO         2634    i.__hardfp_atan     m_wm.l(atan.o)
    0x0800a240   0x000001f0   Code   RO         2648    i.__hardfp_atan2    m_wm.l(atan2.o)
    0x0800a430   0x000000c8   Code   RO         2660    i.__hardfp_cos      m_wm.l(cos.o)
    0x0800a4f8   0x00000014   Code   RO         2672    i.__hardfp_fabs     m_wm.l(fabs.o)
    0x0800a50c   0x00000004   PAD
    0x0800a510   0x00000c50   Code   RO         2678    i.__hardfp_pow      m_wm.l(pow.o)
    0x0800b160   0x000000c8   Code   RO         2692    i.__hardfp_sin      m_wm.l(sin.o)
    0x0800b228   0x0000007a   Code   RO         2704    i.__hardfp_sqrt     m_wm.l(sqrt.o)
    0x0800b2a2   0x00000006   PAD
    0x0800b2a8   0x00000080   Code   RO         2716    i.__hardfp_tan      m_wm.l(tan.o)
    0x0800b328   0x00000438   Code   RO         2764    i.__ieee754_rem_pio2  m_wm.l(rred.o)
    0x0800b760   0x00000170   Code   RO         2742    i.__kernel_cos      m_wm.l(cos_i.o)
    0x0800b8d0   0x000000f8   Code   RO         2761    i.__kernel_poly     m_wm.l(poly.o)
    0x0800b9c8   0x00000130   Code   RO         2769    i.__kernel_sin      m_wm.l(sin_i.o)
    0x0800baf8   0x00000350   Code   RO         2775    i.__kernel_tan      m_wm.l(tan_i.o)
    0x0800be48   0x00000030   Code   RO         2745    i.__mathlib_dbl_divzero  m_wm.l(dunder.o)
    0x0800be78   0x00000014   Code   RO         2746    i.__mathlib_dbl_infnan  m_wm.l(dunder.o)
    0x0800be8c   0x00000014   Code   RO         2747    i.__mathlib_dbl_infnan2  m_wm.l(dunder.o)
    0x0800bea0   0x00000020   Code   RO         2748    i.__mathlib_dbl_invalid  m_wm.l(dunder.o)
    0x0800bec0   0x00000020   Code   RO         2749    i.__mathlib_dbl_overflow  m_wm.l(dunder.o)
    0x0800bee0   0x00000020   Code   RO         2751    i.__mathlib_dbl_underflow  m_wm.l(dunder.o)
    0x0800bf00   0x00000010   Code   RO         2636    i.atan              m_wm.l(atan.o)
    0x0800bf10   0x000000f0   Code   RO         1109    i.data_op           slave_computer.o
    0x0800c000   0x00000048   Code   RO          271    i.delay_ms          delay.o
    0x0800c048   0x0000004a   Code   RO          272    i.delay_us          delay.o
    0x0800c092   0x00000018   Code   RO         2674    i.fabs              m_wm.l(fabs.o)
    0x0800c0aa   0x00000010   Code   RO            3    i.main              main.o
    0x0800c0ba   0x0000006e   Code   RO         2706    i.sqrt              m_wm.l(sqrt.o)
    0x0800c128   0x00000018   Code   RO         2574    x$fpl$basic         fz_wm.l(basic.o)
    0x0800c140   0x00000150   Code   RO         2576    x$fpl$dadd          fz_wm.l(daddsub_clz.o)
    0x0800c290   0x00000010   Code   RO         2801    x$fpl$dcheck1       fz_wm.l(dcheck1.o)
    0x0800c2a0   0x00000018   Code   RO         2731    x$fpl$dcmpinf       fz_wm.l(dcmpi.o)
    0x0800c2b8   0x000002b0   Code   RO         2583    x$fpl$ddiv          fz_wm.l(ddiv.o)
    0x0800c568   0x0000005e   Code   RO         2586    x$fpl$dfix          fz_wm.l(dfix.o)
    0x0800c5c6   0x00000002   PAD
    0x0800c5c8   0x0000005a   Code   RO         2590    x$fpl$dfixu         fz_wm.l(dfixu.o)
    0x0800c622   0x0000002e   Code   RO         2595    x$fpl$dflt          fz_wm.l(dflt_clz.o)
    0x0800c650   0x00000026   Code   RO         2594    x$fpl$dfltu         fz_wm.l(dflt_clz.o)
    0x0800c676   0x00000002   PAD
    0x0800c678   0x00000078   Code   RO         2600    x$fpl$dleqf         fz_wm.l(dleqf.o)
    0x0800c6f0   0x00000154   Code   RO         2602    x$fpl$dmul          fz_wm.l(dmul.o)
    0x0800c844   0x0000009c   Code   RO         2733    x$fpl$dnaninf       fz_wm.l(dnaninf.o)
    0x0800c8e0   0x0000000c   Code   RO         2735    x$fpl$dretinf       fz_wm.l(dretinf.o)
    0x0800c8ec   0x0000006c   Code   RO         2604    x$fpl$drleqf        fz_wm.l(drleqf.o)
    0x0800c958   0x00000016   Code   RO         2577    x$fpl$drsb          fz_wm.l(daddsub_clz.o)
    0x0800c96e   0x00000002   PAD
    0x0800c970   0x00000198   Code   RO         2737    x$fpl$dsqrt         fz_wm.l(dsqrt_umaal.o)
    0x0800cb08   0x000001d4   Code   RO         2578    x$fpl$dsub          fz_wm.l(daddsub_clz.o)
    0x0800ccdc   0x0000000a   Code   RO         2876    x$fpl$fpinit        fz_wm.l(fpinit.o)
    0x0800cce6   0x00000064   Code   RO         2816    x$fpl$retnan        fz_wm.l(retnan.o)
    0x0800cd4a   0x0000005c   Code   RO         2739    x$fpl$scalbn        fz_wm.l(scalbn.o)
    0x0800cda6   0x00000030   Code   RO         2865    x$fpl$trapveneer    fz_wm.l(trapv.o)
    0x0800cdd6   0x00000000   Code   RO         2741    x$fpl$usenofp       fz_wm.l(usenofp.o)
    0x0800cdd6   0x000017c0   Data   RO          567    .constdata          lcd.o
    0x0800e596   0x00000002   PAD
    0x0800e598   0x00000050   Data   RO         2609    .constdata          m_wm.l(acos.o)
    0x0800e5e8   0x00000050   Data   RO         2623    .constdata          m_wm.l(asin.o)
    0x0800e638   0x00000098   Data   RO         2637    .constdata          m_wm.l(atan.o)
    0x0800e6d0   0x00000088   Data   RO         2681    .constdata          m_wm.l(pow.o)
    0x0800e758   0x00000030   Data   RO         2743    .constdata          m_wm.l(cos_i.o)
    0x0800e788   0x00000008   Data   RO         2763    .constdata          m_wm.l(qnan.o)
    0x0800e790   0x000000c8   Data   RO         2766    .constdata          m_wm.l(rred.o)
    0x0800e858   0x00000028   Data   RO         2770    .constdata          m_wm.l(sin_i.o)
    0x0800e880   0x00000060   Data   RO         2776    .constdata          m_wm.l(tan_i.o)
    0x0800e8e0   0x00000020   Data   RO         2944    Region$$Table       anon$$obj.o


    Execution Region RW_IRAM1 (Base: 0x20000000, Size: 0x00001658, Max: 0x00020000, ABSOLUTE)

    Base Addr    Size         Type   Attr      Idx    E Section Name        Object

    0x20000000   0x00000004   Data   RW          397    .data               tim.o
    0x20000004   0x00000001   Data   RW          428    .data               usart.o
    0x20000005   0x00000003   PAD
    0x20000008   0x0000000c   Data   RW          470    .data               encoder.o
    0x20000014   0x00000004   Data   RW          568    .data               lcd.o
    0x20000018   0x0000000c   Data   RW          838    .data               mpu6050.o
    0x20000024   0x00000032   Data   RW          917    .data               touch.o
    0x20000056   0x00000002   PAD
    0x20000058   0x00000020   Data   RW          984    .data               handle.o
    0x20000078   0x00000008   Data   RW         1075    .data               main_control.o
    0x20000080   0x00000031   Data   RW         1111    .data               slave_computer.o
    0x200000b1   0x00000010   Data   RW         1264    .data               stm32f4xx_rcc.o
    0x200000c1   0x00000007   PAD
    0x200000c8   0x00000018   Zero   RW          469    .bss                encoder.o
    0x200000e0   0x0000000e   Zero   RW          566    .bss                lcd.o
    0x200000ee   0x00000002   PAD
    0x200000f0   0x00000190   Zero   RW         1040    .bss                pid.o
    0x20000280   0x00000010   Zero   RW         1074    .bss                main_control.o
    0x20000290   0x00000d68   Zero   RW         1110    .bss                slave_computer.o
    0x20000ff8   0x00000060   Zero   RW         2804    .bss                c_w.l(libspace.o)
    0x20001058   0x00000200   Zero   RW         1166    HEAP                startup_stm32f40_41xxx.o
    0x20001258   0x00000400   Zero   RW         1165    STACK               startup_stm32f40_41xxx.o


==============================================================================

Image component sizes


      Code (inc. data)   RO Data    RW Data    ZI Data      Debug   Object Name

       146          0          0          0          0       1174   delay.o
      1180        166          0         12         24       3639   encoder.o
      4032        210          0         32          0       4054   handle.o
       918         54          0          0          0       8417   i2c.o
        68          8          0          0          0        559   key.o
     17254        180       6080          4         14      26776   lcd.o
       100         10          0          0          0       1120   led.o
        16          0          0          0          0     291463   main.o
      3338        206          0          8         16       2890   main_control.o
       120         14          0          0          0       1212   misc.o
       560         50          0          0          0       2640   motor.o
       714         48          0         12          0       4170   mpu6050.o
       972        112          0          0        400       2712   pid.o
        56          0          0          0          0        533   public.o
      4632        784          0         49       3432       8240   slave_computer.o
        64         26        392          0       1536        976   startup_stm32f40_41xxx.o
       282          6          0          0          0       2113   stm32f4xx_fsmc.o
       258          0          0          0          0       4820   stm32f4xx_gpio.o
        26          0          0          0          0       4454   stm32f4xx_it.o
       360         42          0         16          0       5820   stm32f4xx_rcc.o
      1296         58          0          0          0      21402   stm32f4xx_tim.o
       346          8          0          0          0       4692   stm32f4xx_usart.o
       340         32          0          0          0       1941   system_stm32f4xx.o
       132         14          0          4          0       1380   tim.o
      1192         76          0         50          0       7403   touch.o
       228         20          0          1          0       1598   usart.o

    ----------------------------------------------------------------------
     38662       2124       6506        196       5428     416198   Object Totals
         0          0         32          0          0          0   (incl. Generated)
        32          0          2          8          6          0   (incl. Padding)

    ----------------------------------------------------------------------

      Code (inc. data)   RO Data    RW Data    ZI Data      Debug   Library Member Name

         8          0          0          0          0         68   __main.o
         0          0          0          0          0          0   __rtentry.o
        12          0          0          0          0          0   __rtentry2.o
         6          0          0          0          0          0   __rtentry4.o
        52          8          0          0          0          0   __scatter.o
        26          0          0          0          0          0   __scatter_copy.o
        28          0          0          0          0          0   __scatter_zi.o
        22          0          0          0          0        100   _rserrno.o
        18          0          0          0          0         80   exit.o
         6          0          0          0          0        152   heapauxi.o
         0          0          0          0          0          0   indicate_semi.o
         2          0          0          0          0          0   libinit.o
         6          0          0          0          0          0   libinit2.o
         2          0          0          0          0          0   libshutdown.o
         2          0          0          0          0          0   libshutdown2.o
         8          4          0          0         96         68   libspace.o
         8          4          0          0          0         68   rt_errno_addr_intlibspace.o
         2          0          0          0          0          0   rtexit.o
        10          0          0          0          0          0   rtexit2.o
        72          0          0          0          0         80   strcpy.o
        12          4          0          0          0         68   sys_exit.o
        74          0          0          0          0         80   sys_stackheap_outer.o
         2          0          0          0          0         68   use_no_semi.o
        24          0          0          0          0        164   basic.o
       826         16          0          0          0        492   daddsub_clz.o
        16          4          0          0          0        116   dcheck1.o
        24          0          0          0          0        116   dcmpi.o
       688        140          0          0          0        256   ddiv.o
        94          4          0          0          0        140   dfix.o
        90          4          0          0          0        140   dfixu.o
        84          0          0          0          0        232   dflt_clz.o
       120          4          0          0          0        140   dleqf.o
       340         12          0          0          0        152   dmul.o
       156          4          0          0          0        140   dnaninf.o
        12          0          0          0          0        116   dretinf.o
       108          0          0          0          0        128   drleqf.o
       408         56          0          0          0        168   dsqrt_umaal.o
        10          0          0          0          0        116   fpinit.o
       100          0          0          0          0        116   retnan.o
        92          0          0          0          0        116   scalbn.o
        48          0          0          0          0        116   trapv.o
         0          0          0          0          0          0   usenofp.o
       856        118         80          0          0        288   acos.o
       864         94         80          0          0        280   asin.o
       744        106        152          0          0        352   atan.o
       496         64          0          0          0        192   atan2.o
       200         20          0          0          0        164   cos.o
       368         46         48          0          0        200   cos_i.o
       184         44          0          0          0        744   dunder.o
        44          0          0          0          0        248   fabs.o
        48          0          0          0          0        124   fpclassify.o
       248          0          0          0          0        152   poly.o
      3152        296        136          0          0        352   pow.o
         0          0          8          0          0          0   qnan.o
      1080        142        200          0          0        188   rred.o
       200         20          0          0          0        164   sin.o
       304         24         40          0          0        208   sin_i.o
       232          0          0          0          0        296   sqrt.o
       128         20          0          0          0        144   tan.o
       848         84         96          0          0        196   tan_i.o

    ----------------------------------------------------------------------
     13640       1342        840          0         96       8088   Library Totals
        26          0          0          0          0          0   (incl. Padding)

    ----------------------------------------------------------------------

      Code (inc. data)   RO Data    RW Data    ZI Data      Debug   Library Name

       378         20          0          0         96        832   c_w.l
      3240        244          0          0          0       2964   fz_wm.l
      9996       1078        840          0          0       4292   m_wm.l

    ----------------------------------------------------------------------
     13640       1342        840          0         96       8088   Library Totals

    ----------------------------------------------------------------------

==============================================================================


      Code (inc. data)   RO Data    RW Data    ZI Data      Debug   

     52302       3466       7346        196       5524     406074   Grand Totals
     52302       3466       7346        196       5524     406074   ELF Image Totals
     52302       3466       7346        196          0          0   ROM Totals

==============================================================================

    Total RO  Size (Code + RO Data)                59648 (  58.25kB)
    Total RW  Size (RW Data + ZI Data)              5720 (   5.59kB)
    Total ROM Size (Code + RO Data + RW Data)      59844 (  58.44kB)

==============================================================================

